// Jest Snapshot v1, https://goo.gl/fbAQLP

exports[`LanguageSelect should render without crashing 1`] = `
<div
  id="flagDropdownContainer"
  onClick={[Function]}
>
  <div
    id="flagButtonContainer"
  >
    <div
      id="selected-lang-country-flag"
      onClick={[Function]}
    >
      <Component
        alt="Tiếng Việt"
      />
    </div>
  </div>
</div>
`;
