// Jest Snapshot v1, https://goo.gl/fbAQLP

exports[`CreateWallet should render without crashing 1`] = `
<div
  id="newWallet"
>
  <div
    className="disclaimer"
  >
    Save the keys below. We will never show you this private key again.
  </div>
  <div
    className="addressBox"
  >
    <canvas />
    <div>
      Public Address
    </div>
  </div>
  <div
    className="privateKeyBox"
  >
    <canvas />
    <div>
      Private Key (WIF)
    </div>
  </div>
  <div
    className="keyList"
  >
    <span
      className="label"
    >
      Public Address:
    </span>
    <span
      className="key"
    >
      address
    </span>
    <span
      className="copyKey"
      onClick={[Function]}
    >
      <MdContentCopy
        data-for="copyPublicKeyTip"
        data-tip={true}
      />
    </span>
  </div>
  <div
    className="keyList"
  >
    <span
      className="label"
    >
      Private Key:
    </span>
    <span
      className="key"
    >
      wif
    </span>
    <span
      className="copyKey"
      onClick={[Function]}
    >
      <MdContentCopy
        data-for="copyPrivateKeyTip"
        data-tip={true}
      />
    </span>
  </div>
  <Link
    onlyActiveOnIndex={false}
    style={Object {}}
    to="/"
  >
    <button>
      Back to Login
    </button>
  </Link>
  <ReactTooltip
    class="solidTip"
    effect="solid"
    id="copyPublicKeyTip"
    insecure={true}
    place="bottom"
    resizeHide={true}
    type="dark"
    wrapper="div"
  >
    <span>
      Copy Public Key
    </span>
  </ReactTooltip>
  <ReactTooltip
    class="solidTip"
    effect="solid"
    id="copyPrivateKeyTip"
    insecure={true}
    place="bottom"
    resizeHide={true}
    type="dark"
    wrapper="div"
  >
    <span>
      Copy Private Key
    </span>
  </ReactTooltip>
</div>
`;
