// Jest Snapshot v1, https://goo.gl/fbAQLP

exports[`Login renders without crashing 1`] = `
<Page
  className="loginPage"
  id="loginPage"
>
  <div
    className="title"
  >
    Login using a private key:
  </div>
  <form
    onSubmit={[Function]}
  >
    <div
      className="loginForm"
    >
      <PasswordField
        autoFocus={true}
        onChange={[Function]}
        placeholder="Enter your private key here (WIF)"
      />
    </div>
    <div>
      <button
        className="disabled"
        disabled={true}
        type="submit"
      >
        Login
      </button>
      <HomeButtonLink />
    </div>
  </form>
</Page>
`;
