// Jest Snapshot v1, https://goo.gl/fbAQLP

exports[`LoginNep2 renders without crashing 1`] = `
<LoginNep2
  decrypting={false}
  dispatch={[Function]}
  store={
    Object {
      "clearActions": [Function],
      "dispatch": [Function],
      "getActions": [Function],
      "getState": [Function],
      "replaceReducer": [Function],
      "subscribe": [Function],
    }
  }
/>
`;
