// Jest Snapshot v1, https://goo.gl/fbAQLP

exports[`NetworkSwitch renders without crashing 1`] = `
<NetworkSwitch
  networks={
    Array [
      Object {
        "id": "1",
        "label": "MainNet",
        "network": "MainNet",
        "value": "1",
      },
      Object {
        "id": "2",
        "label": "TestNet",
        "network": "TestNet",
        "value": "2",
      },
    ]
  }
  onChange={[MockFunction]}
  shouldSwitchNetworks={true}
  value={
    Object {
      "id": "1",
      "label": "MainNet",
      "network": "MainNet",
      "value": "1",
    }
  }
>
  <div
    className="networkSwitch"
    id="network"
  >
    <StyledReactSelect
      hideHighlight={true}
      isSearchable={false}
      onChange={[Function]}
      options={
        Array [
          Object {
            "id": "1",
            "label": "MainNet",
            "network": "MainNet",
            "value": "1",
          },
          Object {
            "id": "2",
            "label": "TestNet",
            "network": "TestNet",
            "value": "2",
          },
        ]
      }
      value={
        Object {
          "id": "1",
          "label": "MainNet",
          "network": "MainNet",
          "value": "1",
        }
      }
    >
      <StateManager
        className="react-select-container"
        classNamePrefix="react-select"
        defaultInputValue=""
        defaultMenuIsOpen={false}
        defaultValue={null}
        hideHighlight={true}
        isSearchable={false}
        maxMenuHeight={140}
        onChange={[Function]}
        options={
          Array [
            Object {
              "id": "1",
              "label": "MainNet",
              "network": "MainNet",
              "value": "1",
            },
            Object {
              "id": "2",
              "label": "TestNet",
              "network": "TestNet",
              "value": "2",
            },
          ]
        }
        styles={
          Object {
            "control": [Function],
            "dropdownIndicator": [Function],
            "indicatorSeparator": [Function],
            "noOptionsMessage": [Function],
            "option": [Function],
            "singleValue": [Function],
            "valueContainer": [Function],
          }
        }
        value={
          Object {
            "id": "1",
            "label": "MainNet",
            "network": "MainNet",
            "value": "1",
          }
        }
      >
        <Select
          backspaceRemovesValue={true}
          blurInputOnSelect={true}
          captureMenuScroll={false}
          className="react-select-container"
          classNamePrefix="react-select"
          closeMenuOnScroll={false}
          closeMenuOnSelect={true}
          components={Object {}}
          controlShouldRenderValue={true}
          defaultInputValue=""
          defaultMenuIsOpen={false}
          defaultValue={null}
          escapeClearsValue={false}
          filterOption={[Function]}
          formatGroupLabel={[Function]}
          getOptionLabel={[Function]}
          getOptionValue={[Function]}
          hideHighlight={true}
          inputValue=""
          isDisabled={false}
          isLoading={false}
          isMulti={false}
          isOptionDisabled={[Function]}
          isRtl={false}
          isSearchable={false}
          loadingMessage={[Function]}
          maxMenuHeight={140}
          menuIsOpen={false}
          menuPlacement="bottom"
          menuPosition="absolute"
          menuShouldBlockScroll={false}
          menuShouldScrollIntoView={true}
          minMenuHeight={140}
          noOptionsMessage={[Function]}
          onChange={[Function]}
          onInputChange={[Function]}
          onMenuClose={[Function]}
          onMenuOpen={[Function]}
          openMenuOnClick={true}
          openMenuOnFocus={false}
          options={
            Array [
              Object {
                "id": "1",
                "label": "MainNet",
                "network": "MainNet",
                "value": "1",
              },
              Object {
                "id": "2",
                "label": "TestNet",
                "network": "TestNet",
                "value": "2",
              },
            ]
          }
          pageSize={5}
          placeholder="Select..."
          screenReaderStatus={[Function]}
          styles={
            Object {
              "control": [Function],
              "dropdownIndicator": [Function],
              "indicatorSeparator": [Function],
              "noOptionsMessage": [Function],
              "option": [Function],
              "singleValue": [Function],
              "valueContainer": [Function],
            }
          }
          tabIndex="0"
          tabSelectsValue={true}
          value={
            Object {
              "id": "1",
              "label": "MainNet",
              "network": "MainNet",
              "value": "1",
            }
          }
        >
          <SelectContainer
            className="react-select-container"
            clearValue={[Function]}
            cx={[Function]}
            getStyles={[Function]}
            getValue={[Function]}
            hasValue={true}
            innerProps={
              Object {
                "id": undefined,
                "onKeyDown": [Function],
              }
            }
            isDisabled={false}
            isFocused={false}
            isMulti={false}
            isRtl={false}
            options={
              Array [
                Object {
                  "id": "1",
                  "label": "MainNet",
                  "network": "MainNet",
                  "value": "1",
                },
                Object {
                  "id": "2",
                  "label": "TestNet",
                  "network": "TestNet",
                  "value": "2",
                },
              ]
            }
            selectOption={[Function]}
            selectProps={
              Object {
                "backspaceRemovesValue": true,
                "blurInputOnSelect": true,
                "captureMenuScroll": false,
                "className": "react-select-container",
                "classNamePrefix": "react-select",
                "closeMenuOnScroll": false,
                "closeMenuOnSelect": true,
                "components": Object {},
                "controlShouldRenderValue": true,
                "defaultInputValue": "",
                "defaultMenuIsOpen": false,
                "defaultValue": null,
                "disabled": undefined,
                "escapeClearsValue": false,
                "filterOption": [Function],
                "fontSize": undefined,
                "formatGroupLabel": [Function],
                "getOptionLabel": [Function],
                "getOptionValue": [Function],
                "hideHighlight": true,
                "inputValue": "",
                "isDisabled": false,
                "isLoading": false,
                "isMulti": false,
                "isOptionDisabled": [Function],
                "isRtl": false,
                "isSearchable": false,
                "loadingMessage": [Function],
                "maxMenuHeight": 140,
                "menuIsOpen": false,
                "menuPlacement": "bottom",
                "menuPosition": "absolute",
                "menuShouldBlockScroll": false,
                "menuShouldScrollIntoView": true,
                "minMenuHeight": 140,
                "noOptionsMessage": [Function],
                "onChange": [Function],
                "onInputChange": [Function],
                "onMenuClose": [Function],
                "onMenuOpen": [Function],
                "openMenuOnClick": true,
                "openMenuOnFocus": false,
                "options": Array [
                  Object {
                    "id": "1",
                    "label": "MainNet",
                    "network": "MainNet",
                    "value": "1",
                  },
                  Object {
                    "id": "2",
                    "label": "TestNet",
                    "network": "TestNet",
                    "value": "2",
                  },
                ],
                "pageSize": 5,
                "placeholder": "Select...",
                "screenReaderStatus": [Function],
                "styles": Object {
                  "control": [Function],
                  "dropdownIndicator": [Function],
                  "indicatorSeparator": [Function],
                  "noOptionsMessage": [Function],
                  "option": [Function],
                  "singleValue": [Function],
                  "valueContainer": [Function],
                },
                "tabIndex": "0",
                "tabSelectsValue": true,
                "transparent": undefined,
                "value": Object {
                  "id": "1",
                  "label": "MainNet",
                  "network": "MainNet",
                  "value": "1",
                },
              }
            }
            setValue={[Function]}
            theme={
              Object {
                "borderRadius": 4,
                "colors": Object {
                  "danger": "#DE350B",
                  "dangerLight": "#FFBDAD",
                  "neutral0": "hsl(0, 0%, 100%)",
                  "neutral10": "hsl(0, 0%, 90%)",
                  "neutral20": "hsl(0, 0%, 80%)",
                  "neutral30": "hsl(0, 0%, 70%)",
                  "neutral40": "hsl(0, 0%, 60%)",
                  "neutral5": "hsl(0, 0%, 95%)",
                  "neutral50": "hsl(0, 0%, 50%)",
                  "neutral60": "hsl(0, 0%, 40%)",
                  "neutral70": "hsl(0, 0%, 30%)",
                  "neutral80": "hsl(0, 0%, 20%)",
                  "neutral90": "hsl(0, 0%, 10%)",
                  "primary": "#2684FF",
                  "primary25": "#DEEBFF",
                  "primary50": "#B2D4FF",
                  "primary75": "#4C9AFF",
                },
                "spacing": Object {
                  "baseUnit": 4,
                  "controlHeight": 38,
                  "menuGutter": 8,
                },
              }
            }
          >
            <div
              className="css-10nd86i react-select-container"
              onKeyDown={[Function]}
            >
              <Control
                clearValue={[Function]}
                cx={[Function]}
                getStyles={[Function]}
                getValue={[Function]}
                hasValue={true}
                innerProps={
                  Object {
                    "onMouseDown": [Function],
                    "onTouchEnd": [Function],
                  }
                }
                innerRef={[Function]}
                isDisabled={false}
                isFocused={false}
                isMulti={false}
                isRtl={false}
                options={
                  Array [
                    Object {
                      "id": "1",
                      "label": "MainNet",
                      "network": "MainNet",
                      "value": "1",
                    },
                    Object {
                      "id": "2",
                      "label": "TestNet",
                      "network": "TestNet",
                      "value": "2",
                    },
                  ]
                }
                selectOption={[Function]}
                selectProps={
                  Object {
                    "backspaceRemovesValue": true,
                    "blurInputOnSelect": true,
                    "captureMenuScroll": false,
                    "className": "react-select-container",
                    "classNamePrefix": "react-select",
                    "closeMenuOnScroll": false,
                    "closeMenuOnSelect": true,
                    "components": Object {},
                    "controlShouldRenderValue": true,
                    "defaultInputValue": "",
                    "defaultMenuIsOpen": false,
                    "defaultValue": null,
                    "disabled": undefined,
                    "escapeClearsValue": false,
                    "filterOption": [Function],
                    "fontSize": undefined,
                    "formatGroupLabel": [Function],
                    "getOptionLabel": [Function],
                    "getOptionValue": [Function],
                    "hideHighlight": true,
                    "inputValue": "",
                    "isDisabled": false,
                    "isLoading": false,
                    "isMulti": false,
                    "isOptionDisabled": [Function],
                    "isRtl": false,
                    "isSearchable": false,
                    "loadingMessage": [Function],
                    "maxMenuHeight": 140,
                    "menuIsOpen": false,
                    "menuPlacement": "bottom",
                    "menuPosition": "absolute",
                    "menuShouldBlockScroll": false,
                    "menuShouldScrollIntoView": true,
                    "minMenuHeight": 140,
                    "noOptionsMessage": [Function],
                    "onChange": [Function],
                    "onInputChange": [Function],
                    "onMenuClose": [Function],
                    "onMenuOpen": [Function],
                    "openMenuOnClick": true,
                    "openMenuOnFocus": false,
                    "options": Array [
                      Object {
                        "id": "1",
                        "label": "MainNet",
                        "network": "MainNet",
                        "value": "1",
                      },
                      Object {
                        "id": "2",
                        "label": "TestNet",
                        "network": "TestNet",
                        "value": "2",
                      },
                    ],
                    "pageSize": 5,
                    "placeholder": "Select...",
                    "screenReaderStatus": [Function],
                    "styles": Object {
                      "control": [Function],
                      "dropdownIndicator": [Function],
                      "indicatorSeparator": [Function],
                      "noOptionsMessage": [Function],
                      "option": [Function],
                      "singleValue": [Function],
                      "valueContainer": [Function],
                    },
                    "tabIndex": "0",
                    "tabSelectsValue": true,
                    "transparent": undefined,
                    "value": Object {
                      "id": "1",
                      "label": "MainNet",
                      "network": "MainNet",
                      "value": "1",
                    },
                  }
                }
                setValue={[Function]}
                theme={
                  Object {
                    "borderRadius": 4,
                    "colors": Object {
                      "danger": "#DE350B",
                      "dangerLight": "#FFBDAD",
                      "neutral0": "hsl(0, 0%, 100%)",
                      "neutral10": "hsl(0, 0%, 90%)",
                      "neutral20": "hsl(0, 0%, 80%)",
                      "neutral30": "hsl(0, 0%, 70%)",
                      "neutral40": "hsl(0, 0%, 60%)",
                      "neutral5": "hsl(0, 0%, 95%)",
                      "neutral50": "hsl(0, 0%, 50%)",
                      "neutral60": "hsl(0, 0%, 40%)",
                      "neutral70": "hsl(0, 0%, 30%)",
                      "neutral80": "hsl(0, 0%, 20%)",
                      "neutral90": "hsl(0, 0%, 10%)",
                      "primary": "#2684FF",
                      "primary25": "#DEEBFF",
                      "primary50": "#B2D4FF",
                      "primary75": "#4C9AFF",
                    },
                    "spacing": Object {
                      "baseUnit": 4,
                      "controlHeight": 38,
                      "menuGutter": 8,
                    },
                  }
                }
              >
                <div
                  className="css-pi6jxv react-select__control"
                  onMouseDown={[Function]}
                  onTouchEnd={[Function]}
                >
                  <ValueContainer
                    clearValue={[Function]}
                    cx={[Function]}
                    getStyles={[Function]}
                    getValue={[Function]}
                    hasValue={true}
                    isDisabled={false}
                    isMulti={false}
                    isRtl={false}
                    options={
                      Array [
                        Object {
                          "id": "1",
                          "label": "MainNet",
                          "network": "MainNet",
                          "value": "1",
                        },
                        Object {
                          "id": "2",
                          "label": "TestNet",
                          "network": "TestNet",
                          "value": "2",
                        },
                      ]
                    }
                    selectOption={[Function]}
                    selectProps={
                      Object {
                        "backspaceRemovesValue": true,
                        "blurInputOnSelect": true,
                        "captureMenuScroll": false,
                        "className": "react-select-container",
                        "classNamePrefix": "react-select",
                        "closeMenuOnScroll": false,
                        "closeMenuOnSelect": true,
                        "components": Object {},
                        "controlShouldRenderValue": true,
                        "defaultInputValue": "",
                        "defaultMenuIsOpen": false,
                        "defaultValue": null,
                        "disabled": undefined,
                        "escapeClearsValue": false,
                        "filterOption": [Function],
                        "fontSize": undefined,
                        "formatGroupLabel": [Function],
                        "getOptionLabel": [Function],
                        "getOptionValue": [Function],
                        "hideHighlight": true,
                        "inputValue": "",
                        "isDisabled": false,
                        "isLoading": false,
                        "isMulti": false,
                        "isOptionDisabled": [Function],
                        "isRtl": false,
                        "isSearchable": false,
                        "loadingMessage": [Function],
                        "maxMenuHeight": 140,
                        "menuIsOpen": false,
                        "menuPlacement": "bottom",
                        "menuPosition": "absolute",
                        "menuShouldBlockScroll": false,
                        "menuShouldScrollIntoView": true,
                        "minMenuHeight": 140,
                        "noOptionsMessage": [Function],
                        "onChange": [Function],
                        "onInputChange": [Function],
                        "onMenuClose": [Function],
                        "onMenuOpen": [Function],
                        "openMenuOnClick": true,
                        "openMenuOnFocus": false,
                        "options": Array [
                          Object {
                            "id": "1",
                            "label": "MainNet",
                            "network": "MainNet",
                            "value": "1",
                          },
                          Object {
                            "id": "2",
                            "label": "TestNet",
                            "network": "TestNet",
                            "value": "2",
                          },
                        ],
                        "pageSize": 5,
                        "placeholder": "Select...",
                        "screenReaderStatus": [Function],
                        "styles": Object {
                          "control": [Function],
                          "dropdownIndicator": [Function],
                          "indicatorSeparator": [Function],
                          "noOptionsMessage": [Function],
                          "option": [Function],
                          "singleValue": [Function],
                          "valueContainer": [Function],
                        },
                        "tabIndex": "0",
                        "tabSelectsValue": true,
                        "transparent": undefined,
                        "value": Object {
                          "id": "1",
                          "label": "MainNet",
                          "network": "MainNet",
                          "value": "1",
                        },
                      }
                    }
                    setValue={[Function]}
                    theme={
                      Object {
                        "borderRadius": 4,
                        "colors": Object {
                          "danger": "#DE350B",
                          "dangerLight": "#FFBDAD",
                          "neutral0": "hsl(0, 0%, 100%)",
                          "neutral10": "hsl(0, 0%, 90%)",
                          "neutral20": "hsl(0, 0%, 80%)",
                          "neutral30": "hsl(0, 0%, 70%)",
                          "neutral40": "hsl(0, 0%, 60%)",
                          "neutral5": "hsl(0, 0%, 95%)",
                          "neutral50": "hsl(0, 0%, 50%)",
                          "neutral60": "hsl(0, 0%, 40%)",
                          "neutral70": "hsl(0, 0%, 30%)",
                          "neutral80": "hsl(0, 0%, 20%)",
                          "neutral90": "hsl(0, 0%, 10%)",
                          "primary": "#2684FF",
                          "primary25": "#DEEBFF",
                          "primary50": "#B2D4FF",
                          "primary75": "#4C9AFF",
                        },
                        "spacing": Object {
                          "baseUnit": 4,
                          "controlHeight": 38,
                          "menuGutter": 8,
                        },
                      }
                    }
                  >
                    <div
                      className="css-k5geue react-select__value-container react-select__value-container--has-value"
                    >
                      <SingleValue
                        clearValue={[Function]}
                        cx={[Function]}
                        data={
                          Object {
                            "id": "1",
                            "label": "MainNet",
                            "network": "MainNet",
                            "value": "1",
                          }
                        }
                        getStyles={[Function]}
                        getValue={[Function]}
                        hasValue={true}
                        isDisabled={false}
                        isMulti={false}
                        isRtl={false}
                        options={
                          Array [
                            Object {
                              "id": "1",
                              "label": "MainNet",
                              "network": "MainNet",
                              "value": "1",
                            },
                            Object {
                              "id": "2",
                              "label": "TestNet",
                              "network": "TestNet",
                              "value": "2",
                            },
                          ]
                        }
                        selectOption={[Function]}
                        selectProps={
                          Object {
                            "backspaceRemovesValue": true,
                            "blurInputOnSelect": true,
                            "captureMenuScroll": false,
                            "className": "react-select-container",
                            "classNamePrefix": "react-select",
                            "closeMenuOnScroll": false,
                            "closeMenuOnSelect": true,
                            "components": Object {},
                            "controlShouldRenderValue": true,
                            "defaultInputValue": "",
                            "defaultMenuIsOpen": false,
                            "defaultValue": null,
                            "disabled": undefined,
                            "escapeClearsValue": false,
                            "filterOption": [Function],
                            "fontSize": undefined,
                            "formatGroupLabel": [Function],
                            "getOptionLabel": [Function],
                            "getOptionValue": [Function],
                            "hideHighlight": true,
                            "inputValue": "",
                            "isDisabled": false,
                            "isLoading": false,
                            "isMulti": false,
                            "isOptionDisabled": [Function],
                            "isRtl": false,
                            "isSearchable": false,
                            "loadingMessage": [Function],
                            "maxMenuHeight": 140,
                            "menuIsOpen": false,
                            "menuPlacement": "bottom",
                            "menuPosition": "absolute",
                            "menuShouldBlockScroll": false,
                            "menuShouldScrollIntoView": true,
                            "minMenuHeight": 140,
                            "noOptionsMessage": [Function],
                            "onChange": [Function],
                            "onInputChange": [Function],
                            "onMenuClose": [Function],
                            "onMenuOpen": [Function],
                            "openMenuOnClick": true,
                            "openMenuOnFocus": false,
                            "options": Array [
                              Object {
                                "id": "1",
                                "label": "MainNet",
                                "network": "MainNet",
                                "value": "1",
                              },
                              Object {
                                "id": "2",
                                "label": "TestNet",
                                "network": "TestNet",
                                "value": "2",
                              },
                            ],
                            "pageSize": 5,
                            "placeholder": "Select...",
                            "screenReaderStatus": [Function],
                            "styles": Object {
                              "control": [Function],
                              "dropdownIndicator": [Function],
                              "indicatorSeparator": [Function],
                              "noOptionsMessage": [Function],
                              "option": [Function],
                              "singleValue": [Function],
                              "valueContainer": [Function],
                            },
                            "tabIndex": "0",
                            "tabSelectsValue": true,
                            "transparent": undefined,
                            "value": Object {
                              "id": "1",
                              "label": "MainNet",
                              "network": "MainNet",
                              "value": "1",
                            },
                          }
                        }
                        setValue={[Function]}
                        theme={
                          Object {
                            "borderRadius": 4,
                            "colors": Object {
                              "danger": "#DE350B",
                              "dangerLight": "#FFBDAD",
                              "neutral0": "hsl(0, 0%, 100%)",
                              "neutral10": "hsl(0, 0%, 90%)",
                              "neutral20": "hsl(0, 0%, 80%)",
                              "neutral30": "hsl(0, 0%, 70%)",
                              "neutral40": "hsl(0, 0%, 60%)",
                              "neutral5": "hsl(0, 0%, 95%)",
                              "neutral50": "hsl(0, 0%, 50%)",
                              "neutral60": "hsl(0, 0%, 40%)",
                              "neutral70": "hsl(0, 0%, 30%)",
                              "neutral80": "hsl(0, 0%, 20%)",
                              "neutral90": "hsl(0, 0%, 10%)",
                              "primary": "#2684FF",
                              "primary25": "#DEEBFF",
                              "primary50": "#B2D4FF",
                              "primary75": "#4C9AFF",
                            },
                            "spacing": Object {
                              "baseUnit": 4,
                              "controlHeight": 38,
                              "menuGutter": 8,
                            },
                          }
                        }
                      >
                        <div
                          className="css-8bm2m9 react-select__single-value"
                        >
                          MainNet
                        </div>
                      </SingleValue>
                      <DummyInput
                        id="react-select-2-input"
                        innerRef={[Function]}
                        onBlur={[Function]}
                        onChange={[Function]}
                        onFocus={[Function]}
                        readOnly={true}
                        tabIndex="0"
                        value=""
                      >
                        <input
                          className="css-14uuagi"
                          id="react-select-2-input"
                          onBlur={[Function]}
                          onChange={[Function]}
                          onFocus={[Function]}
                          readOnly={true}
                          tabIndex="0"
                          value=""
                        />
                      </DummyInput>
                    </div>
                  </ValueContainer>
                  <IndicatorsContainer
                    clearValue={[Function]}
                    cx={[Function]}
                    getStyles={[Function]}
                    getValue={[Function]}
                    hasValue={true}
                    isDisabled={false}
                    isMulti={false}
                    isRtl={false}
                    options={
                      Array [
                        Object {
                          "id": "1",
                          "label": "MainNet",
                          "network": "MainNet",
                          "value": "1",
                        },
                        Object {
                          "id": "2",
                          "label": "TestNet",
                          "network": "TestNet",
                          "value": "2",
                        },
                      ]
                    }
                    selectOption={[Function]}
                    selectProps={
                      Object {
                        "backspaceRemovesValue": true,
                        "blurInputOnSelect": true,
                        "captureMenuScroll": false,
                        "className": "react-select-container",
                        "classNamePrefix": "react-select",
                        "closeMenuOnScroll": false,
                        "closeMenuOnSelect": true,
                        "components": Object {},
                        "controlShouldRenderValue": true,
                        "defaultInputValue": "",
                        "defaultMenuIsOpen": false,
                        "defaultValue": null,
                        "disabled": undefined,
                        "escapeClearsValue": false,
                        "filterOption": [Function],
                        "fontSize": undefined,
                        "formatGroupLabel": [Function],
                        "getOptionLabel": [Function],
                        "getOptionValue": [Function],
                        "hideHighlight": true,
                        "inputValue": "",
                        "isDisabled": false,
                        "isLoading": false,
                        "isMulti": false,
                        "isOptionDisabled": [Function],
                        "isRtl": false,
                        "isSearchable": false,
                        "loadingMessage": [Function],
                        "maxMenuHeight": 140,
                        "menuIsOpen": false,
                        "menuPlacement": "bottom",
                        "menuPosition": "absolute",
                        "menuShouldBlockScroll": false,
                        "menuShouldScrollIntoView": true,
                        "minMenuHeight": 140,
                        "noOptionsMessage": [Function],
                        "onChange": [Function],
                        "onInputChange": [Function],
                        "onMenuClose": [Function],
                        "onMenuOpen": [Function],
                        "openMenuOnClick": true,
                        "openMenuOnFocus": false,
                        "options": Array [
                          Object {
                            "id": "1",
                            "label": "MainNet",
                            "network": "MainNet",
                            "value": "1",
                          },
                          Object {
                            "id": "2",
                            "label": "TestNet",
                            "network": "TestNet",
                            "value": "2",
                          },
                        ],
                        "pageSize": 5,
                        "placeholder": "Select...",
                        "screenReaderStatus": [Function],
                        "styles": Object {
                          "control": [Function],
                          "dropdownIndicator": [Function],
                          "indicatorSeparator": [Function],
                          "noOptionsMessage": [Function],
                          "option": [Function],
                          "singleValue": [Function],
                          "valueContainer": [Function],
                        },
                        "tabIndex": "0",
                        "tabSelectsValue": true,
                        "transparent": undefined,
                        "value": Object {
                          "id": "1",
                          "label": "MainNet",
                          "network": "MainNet",
                          "value": "1",
                        },
                      }
                    }
                    setValue={[Function]}
                    theme={
                      Object {
                        "borderRadius": 4,
                        "colors": Object {
                          "danger": "#DE350B",
                          "dangerLight": "#FFBDAD",
                          "neutral0": "hsl(0, 0%, 100%)",
                          "neutral10": "hsl(0, 0%, 90%)",
                          "neutral20": "hsl(0, 0%, 80%)",
                          "neutral30": "hsl(0, 0%, 70%)",
                          "neutral40": "hsl(0, 0%, 60%)",
                          "neutral5": "hsl(0, 0%, 95%)",
                          "neutral50": "hsl(0, 0%, 50%)",
                          "neutral60": "hsl(0, 0%, 40%)",
                          "neutral70": "hsl(0, 0%, 30%)",
                          "neutral80": "hsl(0, 0%, 20%)",
                          "neutral90": "hsl(0, 0%, 10%)",
                          "primary": "#2684FF",
                          "primary25": "#DEEBFF",
                          "primary50": "#B2D4FF",
                          "primary75": "#4C9AFF",
                        },
                        "spacing": Object {
                          "baseUnit": 4,
                          "controlHeight": 38,
                          "menuGutter": 8,
                        },
                      }
                    }
                  >
                    <div
                      className="css-1wy0on6 react-select__indicators"
                    >
                      <IndicatorSeparator
                        clearValue={[Function]}
                        cx={[Function]}
                        getStyles={[Function]}
                        getValue={[Function]}
                        hasValue={true}
                        isDisabled={false}
                        isFocused={false}
                        isMulti={false}
                        isRtl={false}
                        options={
                          Array [
                            Object {
                              "id": "1",
                              "label": "MainNet",
                              "network": "MainNet",
                              "value": "1",
                            },
                            Object {
                              "id": "2",
                              "label": "TestNet",
                              "network": "TestNet",
                              "value": "2",
                            },
                          ]
                        }
                        selectOption={[Function]}
                        selectProps={
                          Object {
                            "backspaceRemovesValue": true,
                            "blurInputOnSelect": true,
                            "captureMenuScroll": false,
                            "className": "react-select-container",
                            "classNamePrefix": "react-select",
                            "closeMenuOnScroll": false,
                            "closeMenuOnSelect": true,
                            "components": Object {},
                            "controlShouldRenderValue": true,
                            "defaultInputValue": "",
                            "defaultMenuIsOpen": false,
                            "defaultValue": null,
                            "disabled": undefined,
                            "escapeClearsValue": false,
                            "filterOption": [Function],
                            "fontSize": undefined,
                            "formatGroupLabel": [Function],
                            "getOptionLabel": [Function],
                            "getOptionValue": [Function],
                            "hideHighlight": true,
                            "inputValue": "",
                            "isDisabled": false,
                            "isLoading": false,
                            "isMulti": false,
                            "isOptionDisabled": [Function],
                            "isRtl": false,
                            "isSearchable": false,
                            "loadingMessage": [Function],
                            "maxMenuHeight": 140,
                            "menuIsOpen": false,
                            "menuPlacement": "bottom",
                            "menuPosition": "absolute",
                            "menuShouldBlockScroll": false,
                            "menuShouldScrollIntoView": true,
                            "minMenuHeight": 140,
                            "noOptionsMessage": [Function],
                            "onChange": [Function],
                            "onInputChange": [Function],
                            "onMenuClose": [Function],
                            "onMenuOpen": [Function],
                            "openMenuOnClick": true,
                            "openMenuOnFocus": false,
                            "options": Array [
                              Object {
                                "id": "1",
                                "label": "MainNet",
                                "network": "MainNet",
                                "value": "1",
                              },
                              Object {
                                "id": "2",
                                "label": "TestNet",
                                "network": "TestNet",
                                "value": "2",
                              },
                            ],
                            "pageSize": 5,
                            "placeholder": "Select...",
                            "screenReaderStatus": [Function],
                            "styles": Object {
                              "control": [Function],
                              "dropdownIndicator": [Function],
                              "indicatorSeparator": [Function],
                              "noOptionsMessage": [Function],
                              "option": [Function],
                              "singleValue": [Function],
                              "valueContainer": [Function],
                            },
                            "tabIndex": "0",
                            "tabSelectsValue": true,
                            "transparent": undefined,
                            "value": Object {
                              "id": "1",
                              "label": "MainNet",
                              "network": "MainNet",
                              "value": "1",
                            },
                          }
                        }
                        setValue={[Function]}
                        theme={
                          Object {
                            "borderRadius": 4,
                            "colors": Object {
                              "danger": "#DE350B",
                              "dangerLight": "#FFBDAD",
                              "neutral0": "hsl(0, 0%, 100%)",
                              "neutral10": "hsl(0, 0%, 90%)",
                              "neutral20": "hsl(0, 0%, 80%)",
                              "neutral30": "hsl(0, 0%, 70%)",
                              "neutral40": "hsl(0, 0%, 60%)",
                              "neutral5": "hsl(0, 0%, 95%)",
                              "neutral50": "hsl(0, 0%, 50%)",
                              "neutral60": "hsl(0, 0%, 40%)",
                              "neutral70": "hsl(0, 0%, 30%)",
                              "neutral80": "hsl(0, 0%, 20%)",
                              "neutral90": "hsl(0, 0%, 10%)",
                              "primary": "#2684FF",
                              "primary25": "#DEEBFF",
                              "primary50": "#B2D4FF",
                              "primary75": "#4C9AFF",
                            },
                            "spacing": Object {
                              "baseUnit": 4,
                              "controlHeight": 38,
                              "menuGutter": 8,
                            },
                          }
                        }
                      >
                        <span
                          className="css-1hyfx7x react-select__indicator-separator"
                        />
                      </IndicatorSeparator>
                      <DropdownIndicator
                        clearValue={[Function]}
                        cx={[Function]}
                        getStyles={[Function]}
                        getValue={[Function]}
                        hasValue={true}
                        innerProps={
                          Object {
                            "aria-hidden": "true",
                            "onMouseDown": [Function],
                            "onTouchEnd": [Function],
                          }
                        }
                        isDisabled={false}
                        isFocused={false}
                        isMulti={false}
                        isRtl={false}
                        options={
                          Array [
                            Object {
                              "id": "1",
                              "label": "MainNet",
                              "network": "MainNet",
                              "value": "1",
                            },
                            Object {
                              "id": "2",
                              "label": "TestNet",
                              "network": "TestNet",
                              "value": "2",
                            },
                          ]
                        }
                        selectOption={[Function]}
                        selectProps={
                          Object {
                            "backspaceRemovesValue": true,
                            "blurInputOnSelect": true,
                            "captureMenuScroll": false,
                            "className": "react-select-container",
                            "classNamePrefix": "react-select",
                            "closeMenuOnScroll": false,
                            "closeMenuOnSelect": true,
                            "components": Object {},
                            "controlShouldRenderValue": true,
                            "defaultInputValue": "",
                            "defaultMenuIsOpen": false,
                            "defaultValue": null,
                            "disabled": undefined,
                            "escapeClearsValue": false,
                            "filterOption": [Function],
                            "fontSize": undefined,
                            "formatGroupLabel": [Function],
                            "getOptionLabel": [Function],
                            "getOptionValue": [Function],
                            "hideHighlight": true,
                            "inputValue": "",
                            "isDisabled": false,
                            "isLoading": false,
                            "isMulti": false,
                            "isOptionDisabled": [Function],
                            "isRtl": false,
                            "isSearchable": false,
                            "loadingMessage": [Function],
                            "maxMenuHeight": 140,
                            "menuIsOpen": false,
                            "menuPlacement": "bottom",
                            "menuPosition": "absolute",
                            "menuShouldBlockScroll": false,
                            "menuShouldScrollIntoView": true,
                            "minMenuHeight": 140,
                            "noOptionsMessage": [Function],
                            "onChange": [Function],
                            "onInputChange": [Function],
                            "onMenuClose": [Function],
                            "onMenuOpen": [Function],
                            "openMenuOnClick": true,
                            "openMenuOnFocus": false,
                            "options": Array [
                              Object {
                                "id": "1",
                                "label": "MainNet",
                                "network": "MainNet",
                                "value": "1",
                              },
                              Object {
                                "id": "2",
                                "label": "TestNet",
                                "network": "TestNet",
                                "value": "2",
                              },
                            ],
                            "pageSize": 5,
                            "placeholder": "Select...",
                            "screenReaderStatus": [Function],
                            "styles": Object {
                              "control": [Function],
                              "dropdownIndicator": [Function],
                              "indicatorSeparator": [Function],
                              "noOptionsMessage": [Function],
                              "option": [Function],
                              "singleValue": [Function],
                              "valueContainer": [Function],
                            },
                            "tabIndex": "0",
                            "tabSelectsValue": true,
                            "transparent": undefined,
                            "value": Object {
                              "id": "1",
                              "label": "MainNet",
                              "network": "MainNet",
                              "value": "1",
                            },
                          }
                        }
                        setValue={[Function]}
                        theme={
                          Object {
                            "borderRadius": 4,
                            "colors": Object {
                              "danger": "#DE350B",
                              "dangerLight": "#FFBDAD",
                              "neutral0": "hsl(0, 0%, 100%)",
                              "neutral10": "hsl(0, 0%, 90%)",
                              "neutral20": "hsl(0, 0%, 80%)",
                              "neutral30": "hsl(0, 0%, 70%)",
                              "neutral40": "hsl(0, 0%, 60%)",
                              "neutral5": "hsl(0, 0%, 95%)",
                              "neutral50": "hsl(0, 0%, 50%)",
                              "neutral60": "hsl(0, 0%, 40%)",
                              "neutral70": "hsl(0, 0%, 30%)",
                              "neutral80": "hsl(0, 0%, 20%)",
                              "neutral90": "hsl(0, 0%, 10%)",
                              "primary": "#2684FF",
                              "primary25": "#DEEBFF",
                              "primary50": "#B2D4FF",
                              "primary75": "#4C9AFF",
                            },
                            "spacing": Object {
                              "baseUnit": 4,
                              "controlHeight": 38,
                              "menuGutter": 8,
                            },
                          }
                        }
                      >
                        <div
                          aria-hidden="true"
                          className="css-7ne3xr react-select__indicator react-select__dropdown-indicator"
                          onMouseDown={[Function]}
                          onTouchEnd={[Function]}
                        >
                          <DownChevron>
                            <Svg
                              size={20}
                            >
                              <svg
                                aria-hidden="true"
                                className="css-19bqh2r"
                                focusable="false"
                                height={20}
                                viewBox="0 0 20 20"
                                width={20}
                              >
                                <path
                                  d="M4.516 7.548c0.436-0.446 1.043-0.481 1.576 0l3.908 3.747 3.908-3.747c0.533-0.481 1.141-0.446 1.574 0 0.436 0.445 0.408 1.197 0 1.615-0.406 0.418-4.695 4.502-4.695 4.502-0.217 0.223-0.502 0.335-0.787 0.335s-0.57-0.112-0.789-0.335c0 0-4.287-4.084-4.695-4.502s-0.436-1.17 0-1.615z"
                                />
                              </svg>
                            </Svg>
                          </DownChevron>
                        </div>
                      </DropdownIndicator>
                    </div>
                  </IndicatorsContainer>
                </div>
              </Control>
            </div>
          </SelectContainer>
        </Select>
      </StateManager>
    </StyledReactSelect>
  </div>
</NetworkSwitch>
`;
