// Jest Snapshot v1, https://goo.gl/fbAQLP

exports[`PriceDisplay renders and shows prices 1`] = `
<PriceDisplay
  currencyCode="usd"
  gasPrice={18.1}
  neoPrice={25.48}
>
  <div
    className="navBarItem"
    id="neoPrice"
    key="neoPriceDisplay"
  >
    <span
      className="navBarItemLabel"
    >
      NEO
    </span>
    <span
      className="price"
    >
      $
      25.48
    </span>
  </div>
  <div
    className="navBarItem"
    id="gasPrice"
    key="gasPriceDisplay"
  >
    <span
      className="navBarItemLabel"
    >
      GAS
    </span>
    <span
      className="price"
    >
      $
      18.10
    </span>
  </div>
</PriceDisplay>
`;
