// Jest Snapshot v1, https://goo.gl/fbAQLP

exports[`Sidebar renders without crashing 1`] = `
<div
  className="container"
>
  <div
    className="group"
  >
    <div
      className="logo"
    >
      <img
        alt="neon-logo"
        src="test-file-stub"
      />
    </div>
    <div
      className="blockHeight"
    >
      <div
        className="heightText"
      >
        CURRENT BLOCK: 
      </div>
      <div
        id="block-height"
      >
        200
      </div>
    </div>
    <NavLink
      activeClassName="active"
      aria-current="page"
      className="navItem"
      exact={true}
      id="dashboard"
      to="/dashboard"
    >
      <Component />
      <div>
         Wallet 
      </div>
    </NavLink>
    <NavLink
      activeClassName="active"
      aria-current="page"
      className="navItem"
      exact={true}
      id="history"
      to="/transactions"
    >
      <Component />
      <div>
         Activity 
      </div>
    </NavLink>
    <NavLink
      activeClassName="active"
      aria-current="page"
      className="navItem"
      exact={true}
      id="send"
      to="/send/"
    >
      <Component />
      <div>
         Send 
      </div>
    </NavLink>
    <NavLink
      activeClassName="active"
      aria-current="page"
      className="navItem"
      exact={true}
      id="receive"
      to="/receive"
    >
      <Component />
      <div>
         Receive 
      </div>
    </NavLink>
    <NavLink
      activeClassName="active"
      aria-current="page"
      className="navItem"
      id="contacts"
      to="/contacts"
    >
      <Component />
      <div>
         Contacts 
      </div>
    </NavLink>
    <NavLink
      activeClassName="active"
      aria-current="page"
      className="navItem"
      id="tokensale"
      to="/token-sale"
    >
      <Component />
      <div>
         Token Sale 
      </div>
    </NavLink>
    <NavLink
      activeClassName="active"
      aria-current="page"
      className="navItem"
      id="News"
      to="/news"
    >
      <Component />
      <div>
         News 
      </div>
    </NavLink>
    <NavLink
      activeClassName="active"
      aria-current="page"
      className="navItem"
      id="settings"
      to="/settings"
    >
      <Component />
      <div>
         Settings 
      </div>
    </NavLink>
  </div>
  <Connect(withActions(Connect(withActions(Logout))))
    className="group logoutToolTipGroup navItem"
    id="logout"
  />
</div>
`;
