// Jest Snapshot v1, https://goo.gl/fbAQLP

exports[`TransactionHistoryPanel renders without crashing 1`] = `
<withActions(Connect(withProgress(withProgressComponents(Connect(withData(Connect(withData(withProps(Connect(withActions(Connect(withProgress(withProps(Connect(withData(TransactionHistory))))))))))))))))
  onRetry={[Function]}
  store={
    Object {
      "clearActions": [Function],
      "dispatch": [Function],
      "getActions": [Function],
      "getState": [Function],
      "replaceReducer": [Function],
      "subscribe": [Function],
    }
  }
/>
`;
