// Jest Snapshot v1, https://goo.gl/fbAQLP

exports[`TransactionHistory renders without crashing 1`] = `
<TransactionHistory
  address="AWy7RNBVr9vDadRMK9p7i7Z1tL7GrLAxoh"
  dispatch={[Function]}
  net="TestNet"
  store={
    Object {
      "clearActions": [Function],
      "dispatch": [Function],
      "getActions": [Function],
      "getState": [Function],
      "replaceReducer": [Function],
      "subscribe": [Function],
    }
  }
  transactions={Array []}
/>
`;
