// Jest Snapshot v1, https://goo.gl/fbAQLP

exports[`WalletInfo renders without crashing 1`] = `
<Connect(withData(mapProps(Connect(withData(Connect(withActions(WalletInfo)))))))
  GAS="1000.0001601"
  NEO="100001"
  address="ANqUrhv99rwCiFTL6N1An9NH5UVkPYxTuw"
  gasPrice={18.1}
  loadWalletData={[Function]}
  neoPrice={25.48}
  networks={
    Array [
      Object {
        "id": "1",
        "label": "MainNet",
        "network": "MainNet",
      },
      Object {
        "id": "2",
        "label": "TestNet",
        "network": "TestNet",
      },
    ]
  }
  oldParticipateInSale={[Function]}
  participateInSale={[Function]}
  showErrorNotification={[Function]}
  showModal={[Function]}
  showSuccessNotification={[Function]}
  store={
    Object {
      "clearActions": [Function],
      "dispatch": [Function],
      "getActions": [Function],
      "getState": [Function],
      "replaceReducer": [Function],
      "subscribe": [Function],
    }
  }
  storeSubscription={
    Subscription {
      "listeners": Object {
        "clear": [Function],
        "get": [Function],
        "notify": [Function],
        "subscribe": [Function],
      },
      "onStateChange": [Function],
      "parentSub": undefined,
      "store": Object {
        "clearActions": [Function],
        "dispatch": [Function],
        "getActions": [Function],
        "getState": [Function],
        "replaceReducer": [Function],
        "subscribe": [Function],
      },
      "unsubscribe": [Function],
    }
  }
  tokenBalances={Array []}
/>
`;
