// Jest Snapshot v1, https://goo.gl/fbAQLP

exports[`PortfolioPanel renders without crashing 1`] = `
<withActions(Connect(withProgress(withProgressComponents(Connect(withData(Connect(withData(Connect(withData(withProps(withProps(PortfolioPanel))))))))))))
  onRetry={[Function]}
  store={
    Object {
      "clearActions": [Function],
      "dispatch": [Function],
      "getActions": [Function],
      "getState": [Function],
      "replaceReducer": [Function],
      "subscribe": [Function],
    }
  }
/>
`;
