// Jest Snapshot v1, https://goo.gl/fbAQLP

exports[`ConfirmModal should render without crashing 1`] = `
<ConfirmModal
  backButtonAction={[MockFunction]}
  height="250px"
  hideModal={[MockFunction]}
  onCancel={[MockFunction]}
  onClick={[MockFunction]}
  store={
    Object {
      "clearActions": [Function],
      "dispatch": [Function],
      "getActions": [Function],
      "getState": [Function],
      "replaceReducer": [Function],
      "subscribe": [Function],
    }
  }
  text="text"
  title="test modal"
  width="500px"
>
  <Connect(withData(BaseModal))
    hideModal={[MockFunction]}
    shouldRenderHeader={false}
    style={
      Object {
        "content": Object {
          "height": "200px",
          "width": "500px",
        },
      }
    }
    title="test modal"
  >
    <withData(BaseModal)
      backButtonAction={null}
      dispatch={[Function]}
      height="450px"
      hideModal={[MockFunction]}
      shouldCloseWithEscapeKey={true}
      shouldRenderHeader={false}
      style={
        Object {
          "content": Object {
            "height": "200px",
            "width": "500px",
          },
        }
      }
      theme="Light"
      title="test modal"
      width="450px"
    >
      <Modal
        ariaHideApp={true}
        bodyOpenClassName="ReactModal__Body--open"
        closeTimeoutMS={0}
        isOpen={true}
        onRequestClose={[Function]}
        parentSelector={[Function]}
        portalClassName="ReactModalPortal"
        shouldCloseOnEsc={true}
        shouldCloseOnOverlayClick={true}
        shouldFocusAfterRender={true}
        shouldReturnFocusAfterClose={true}
        style={
          Object {
            "content": Object {
              "--amounts-panel-asset-amount-text": "#515151",
              "--amounts-panel-asset-name-text": "#515151",
              "--amounts-panel-asset-worth-text": "#515151",
              "--amounts-panel-first-row-background": "#F1F5FC",
              "--amounts-panel-second-row-background": "#fff",
              "--auth-inner-container-box-shadow": "-16px -16px 17px 0 rgba(255, 255, 255, 0.44),
  16px 16px 20px 0 rgba(18, 21, 23, 0.24)",
              "--auth-main-container-background": "#fff",
              "--auth-scan-qr-border": "#F1F5FC",
              "--base-link-color": "#3063c9",
              "--base-main-background": "#ECF3F8",
              "--base-scrollbar-thumb": "#5c677f",
              "--base-scrollbar-track": "#fff",
              "--base-text": "#282828",
              "--button-active": "#fff",
              "--button-active-hover": "#fff",
              "--button-flag-icon-color": "#394152",
              "--button-flag-icon-opacity": 0.3,
              "--button-icon-color": "#394152",
              "--button-max-amount-background": "#8297A0",
              "--button-max-amount-text": "#394152",
              "--button-primary-background-image": "linear-gradient(180deg, #EAF2F7 2%, #E6F0F6 97%)",
              "--button-primary-box-shadow": "-17px -17px 20px 0 rgba(255,255,255,0.54), 17px 17px 20px 0 #C6CCD1, inset -1px -1px 0 0 #A4B0C3, inset 1px 1px 0 0 #FFFFFF",
              "--button-primary-disabled-background-color": "#E0E9EF",
              "--button-primary-disabled-box-shadow": " -17px -17px 20px 0 rgba(255,255,255,0.54), 17px 17px 20px 0 #C6CCD1",
              "--button-primary-disabled-text-color": "#acbbc4",
              "--button-primary-hover-background-image": "linear-gradient(180deg, #FFFFFF 2%, #E2EAEF 100%)",
              "--button-primary-text": "#394152",
              "--button-priority-active-hover": "#fff",
              "--button-priority-button-container-background": "linear-gradient(180deg, #eff5f8 2%, #e4edf2 97%)",
              "--button-priority-button-container-shadow": "-4px -4px 9px 0 rgba(255, 255, 255, 0.54), 4px 4px 13px 0 #c6ccd1, inset -1px -1px 0 0 #a4b0c3, inset 1px 1px 0 0 #ffffff",
              "--button-priority-conditional-box-shadow": "none",
              "--button-priority-disabled-opacity": "1",
              "--button-priority-standard-icon-color": "#394152",
              "--button-priority-transfer-background": "linear-gradient(180deg, #EAF2F7 2%, #E6F0F6 97%)",
              "--button-priority-transfer-button-border": "1px solid #a4b0c3",
              "--button-priority-transfer-color": "#394152",
              "--button-priority-transfer-disabled": "transparent",
              "--button-priority-transfer-disabled-color": "#CCD4D9",
              "--button-secondary-background": "#fff",
              "--button-secondary-hover": "#F1F5FC",
              "--button-secondary-text": "#394152",
              "--contacts-delete-contact-name": "#394152",
              "--contacts-group-header-background": "#F1F5FC",
              "--contacts-group-header-text": "#394152",
              "--contacts-odd-numbered-row": "rgba(230, 230, 230, 0.1)",
              "--dashboard-asset-panel-asset-name": "#5c677f",
              "--dashboard-asset-panel-total-background": "#F1F5FC",
              "--dashboard-market-data-line": "#3fd0ae",
              "--dashboard-price-history-current-price": "#394152",
              "--dashboard-token-balances-divider-line": "#F1F5FC",
              "--dashboard-total-wallet-value-odd-row": "#F1F5FC",
              "--dashboard-total-wallet-value-total-text": "#394152",
              "--header-bar-default-icon-color": "#394152",
              "--input-active": "linear-gradient(#F1F5FC, #F1F5FC), radial-gradient(circle at top left, #66eb8e, #66eb8e)",
              "--input-active-border": "#66eb8e",
              "--input-background": "#EAF2F7",
              "--input-error": "#ee6d66",
              "--input-error-text": "#fff",
              "--input-icon": "#9ca0a9",
              "--input-label": "#5c677f",
              "--input-label-opacity": 0.5,
              "--input-placeholder": "rgba(40, 40, 40, 0.5)",
              "--input-select-hover": "#D4DEE4",
              "--input-text": "#282828",
              "--modal-overlay": "rgba(26, 54, 80, 0.25)",
              "--network-config-box-shadow": "-3px -3px 17px 0 transparent, 3px 4px 20px 0 rgba(18,21,23,0.24)",
              "--network-config-tooltip-background": "#fff",
              "--network-config-tooltip-color": "#394152",
              "--network-config-tooltip-label": "#8D98AE",
              "--news-content-border-color": "#ececec",
              "--node-select-automatic-select-button-text": "#5c677f",
              "--node-select-header-background": "#F1F5FC",
              "--node-select-icon-color": "#282828",
              "--node-select-node-count": "#5c677f",
              "--node-select-refresh-icon": "#394152",
              "--notifications-error-icon-color": "#fff",
              "--notifications-success-icon-color": "#fff",
              "--panel-background": "#fff",
              "--panel-box-shadow": "-3px -3px 17px 0 rgba(255, 255, 255, 0.83), 3px 3px 20px 0 rgba(18, 21, 23, 0.09)",
              "--panel-full-height-background": "#fff",
              "--panel-full-height-header-icon-color": "#394152",
              "--panel-full-height-instructions-border": "rgba(0, 0, 0, 0.15)",
              "--panel-full-height-instructions-text": "#8297A0",
              "--panel-full-height-nav-background": "#D4DEE4",
              "--panel-header": "#D4DEE4",
              "--panel-header-border": "#8d98ae",
              "--panel-header-text": "#394152",
              "--panel-icon": "#282828",
              "--panel-label-text": "#8d98ae",
              "--panel-receive-explanation": "#CDDAE1",
              "--qr-scan-animation-end": "rgba(57, 65, 82, 0)",
              "--qr-scan-animation-start": "rgba(57, 65, 82, 1)",
              "--qr-scan-paused": "rgba(102, 237, 135, 0.6)",
              "--release-notes-button-color": "#394152",
              "--release-notes-date": "#8297a0",
              "--release-notes-text": "#8c97a2",
              "--secondary-button-icon-color": "#394152",
              "--secondary-raised-base-text": "#7f8f98",
              "--send-success-row-info": "#394152",
              "--settings-donation-text": "#5c677f",
              "--settings-item-border-color": "#F1F5FC",
              "--settings-item-icon": "#cccccc",
              "--settings-item-label": "#343b4a",
              "--settings-link-text": "#282828",
              "--settings-select-value-text": "#282828",
              "--settings-spacer": "rgba(170, 178, 189, 0.3)",
              "--side-bar-disabled-item-background": "#fff",
              "--sidebar-active-background": "#F1F5FC",
              "--sidebar-active-border": "#4CFFB3",
              "--sidebar-active-icon": "#394152",
              "--sidebar-background": "#fff",
              "--sidebar-icon": "#9599a2",
              "--sidebar-shadow": "-16px -16px 17px 0 rgba(255,255,255,0.44), -3px 16px 20px 0 rgba(18,21,23,0.24)",
              "--tab-border": "#394152",
              "--tab-text": "#394152",
              "--tx-icon-color": "#32E096",
              "--tx-list-box-shadow": "-3px -3px 17px 0 rgba(255,255,255,0.44), 3px 4px 20px 0 rgba(18,21,23,0.24)",
              "--tx-list-button-icon": "#394152",
              "--tx-list-copy-icon": "#9599a2",
              "--tx-list-odd-row": "#F1F5FC",
              "--view-layout-header-icon-color": "#282828",
              "background": "var(--panel-background)",
              "border": "none",
              "borderRadius": "4px",
              "boxShadow": "rgba(0, 0, 0, 0.1) 0px 0px 4px",
              "color": "var(--base-text)",
              "display": "flex",
              "flexDirection": "column",
              "height": "200px",
              "margin": "auto",
              "padding": 0,
              "width": "500px",
              "zIndex": 5000,
            },
            "overlay": Object {
              "--amounts-panel-asset-amount-text": "#515151",
              "--amounts-panel-asset-name-text": "#515151",
              "--amounts-panel-asset-worth-text": "#515151",
              "--amounts-panel-first-row-background": "#F1F5FC",
              "--amounts-panel-second-row-background": "#fff",
              "--auth-inner-container-box-shadow": "-16px -16px 17px 0 rgba(255, 255, 255, 0.44),
  16px 16px 20px 0 rgba(18, 21, 23, 0.24)",
              "--auth-main-container-background": "#fff",
              "--auth-scan-qr-border": "#F1F5FC",
              "--base-link-color": "#3063c9",
              "--base-main-background": "#ECF3F8",
              "--base-scrollbar-thumb": "#5c677f",
              "--base-scrollbar-track": "#fff",
              "--base-text": "#282828",
              "--button-active": "#fff",
              "--button-active-hover": "#fff",
              "--button-flag-icon-color": "#394152",
              "--button-flag-icon-opacity": 0.3,
              "--button-icon-color": "#394152",
              "--button-max-amount-background": "#8297A0",
              "--button-max-amount-text": "#394152",
              "--button-primary-background-image": "linear-gradient(180deg, #EAF2F7 2%, #E6F0F6 97%)",
              "--button-primary-box-shadow": "-17px -17px 20px 0 rgba(255,255,255,0.54), 17px 17px 20px 0 #C6CCD1, inset -1px -1px 0 0 #A4B0C3, inset 1px 1px 0 0 #FFFFFF",
              "--button-primary-disabled-background-color": "#E0E9EF",
              "--button-primary-disabled-box-shadow": " -17px -17px 20px 0 rgba(255,255,255,0.54), 17px 17px 20px 0 #C6CCD1",
              "--button-primary-disabled-text-color": "#acbbc4",
              "--button-primary-hover-background-image": "linear-gradient(180deg, #FFFFFF 2%, #E2EAEF 100%)",
              "--button-primary-text": "#394152",
              "--button-priority-active-hover": "#fff",
              "--button-priority-button-container-background": "linear-gradient(180deg, #eff5f8 2%, #e4edf2 97%)",
              "--button-priority-button-container-shadow": "-4px -4px 9px 0 rgba(255, 255, 255, 0.54), 4px 4px 13px 0 #c6ccd1, inset -1px -1px 0 0 #a4b0c3, inset 1px 1px 0 0 #ffffff",
              "--button-priority-conditional-box-shadow": "none",
              "--button-priority-disabled-opacity": "1",
              "--button-priority-standard-icon-color": "#394152",
              "--button-priority-transfer-background": "linear-gradient(180deg, #EAF2F7 2%, #E6F0F6 97%)",
              "--button-priority-transfer-button-border": "1px solid #a4b0c3",
              "--button-priority-transfer-color": "#394152",
              "--button-priority-transfer-disabled": "transparent",
              "--button-priority-transfer-disabled-color": "#CCD4D9",
              "--button-secondary-background": "#fff",
              "--button-secondary-hover": "#F1F5FC",
              "--button-secondary-text": "#394152",
              "--contacts-delete-contact-name": "#394152",
              "--contacts-group-header-background": "#F1F5FC",
              "--contacts-group-header-text": "#394152",
              "--contacts-odd-numbered-row": "rgba(230, 230, 230, 0.1)",
              "--dashboard-asset-panel-asset-name": "#5c677f",
              "--dashboard-asset-panel-total-background": "#F1F5FC",
              "--dashboard-market-data-line": "#3fd0ae",
              "--dashboard-price-history-current-price": "#394152",
              "--dashboard-token-balances-divider-line": "#F1F5FC",
              "--dashboard-total-wallet-value-odd-row": "#F1F5FC",
              "--dashboard-total-wallet-value-total-text": "#394152",
              "--header-bar-default-icon-color": "#394152",
              "--input-active": "linear-gradient(#F1F5FC, #F1F5FC), radial-gradient(circle at top left, #66eb8e, #66eb8e)",
              "--input-active-border": "#66eb8e",
              "--input-background": "#EAF2F7",
              "--input-error": "#ee6d66",
              "--input-error-text": "#fff",
              "--input-icon": "#9ca0a9",
              "--input-label": "#5c677f",
              "--input-label-opacity": 0.5,
              "--input-placeholder": "rgba(40, 40, 40, 0.5)",
              "--input-select-hover": "#D4DEE4",
              "--input-text": "#282828",
              "--modal-overlay": "rgba(26, 54, 80, 0.25)",
              "--network-config-box-shadow": "-3px -3px 17px 0 transparent, 3px 4px 20px 0 rgba(18,21,23,0.24)",
              "--network-config-tooltip-background": "#fff",
              "--network-config-tooltip-color": "#394152",
              "--network-config-tooltip-label": "#8D98AE",
              "--news-content-border-color": "#ececec",
              "--node-select-automatic-select-button-text": "#5c677f",
              "--node-select-header-background": "#F1F5FC",
              "--node-select-icon-color": "#282828",
              "--node-select-node-count": "#5c677f",
              "--node-select-refresh-icon": "#394152",
              "--notifications-error-icon-color": "#fff",
              "--notifications-success-icon-color": "#fff",
              "--panel-background": "#fff",
              "--panel-box-shadow": "-3px -3px 17px 0 rgba(255, 255, 255, 0.83), 3px 3px 20px 0 rgba(18, 21, 23, 0.09)",
              "--panel-full-height-background": "#fff",
              "--panel-full-height-header-icon-color": "#394152",
              "--panel-full-height-instructions-border": "rgba(0, 0, 0, 0.15)",
              "--panel-full-height-instructions-text": "#8297A0",
              "--panel-full-height-nav-background": "#D4DEE4",
              "--panel-header": "#D4DEE4",
              "--panel-header-border": "#8d98ae",
              "--panel-header-text": "#394152",
              "--panel-icon": "#282828",
              "--panel-label-text": "#8d98ae",
              "--panel-receive-explanation": "#CDDAE1",
              "--qr-scan-animation-end": "rgba(57, 65, 82, 0)",
              "--qr-scan-animation-start": "rgba(57, 65, 82, 1)",
              "--qr-scan-paused": "rgba(102, 237, 135, 0.6)",
              "--release-notes-button-color": "#394152",
              "--release-notes-date": "#8297a0",
              "--release-notes-text": "#8c97a2",
              "--secondary-button-icon-color": "#394152",
              "--secondary-raised-base-text": "#7f8f98",
              "--send-success-row-info": "#394152",
              "--settings-donation-text": "#5c677f",
              "--settings-item-border-color": "#F1F5FC",
              "--settings-item-icon": "#cccccc",
              "--settings-item-label": "#343b4a",
              "--settings-link-text": "#282828",
              "--settings-select-value-text": "#282828",
              "--settings-spacer": "rgba(170, 178, 189, 0.3)",
              "--side-bar-disabled-item-background": "#fff",
              "--sidebar-active-background": "#F1F5FC",
              "--sidebar-active-border": "#4CFFB3",
              "--sidebar-active-icon": "#394152",
              "--sidebar-background": "#fff",
              "--sidebar-icon": "#9599a2",
              "--sidebar-shadow": "-16px -16px 17px 0 rgba(255,255,255,0.44), -3px 16px 20px 0 rgba(18,21,23,0.24)",
              "--tab-border": "#394152",
              "--tab-text": "#394152",
              "--tx-icon-color": "#32E096",
              "--tx-list-box-shadow": "-3px -3px 17px 0 rgba(255,255,255,0.44), 3px 4px 20px 0 rgba(18,21,23,0.24)",
              "--tx-list-button-icon": "#394152",
              "--tx-list-copy-icon": "#9599a2",
              "--tx-list-odd-row": "#F1F5FC",
              "--view-layout-header-icon-color": "#282828",
              "backgroundColor": "var(--modal-overlay)",
              "margin": "auto",
              "zIndex": 200,
            },
          }
        }
      >
        <Portal
          containerInfo={
            <div
              class="ReactModalPortal"
            >
              <div
                class="ReactModal__Overlay ReactModal__Overlay--after-open"
                style="position: fixed; top: 0px; left: 0px; right: 0px; bottom: 0px; margin: auto; z-index: 200;"
              >
                <div
                  class="ReactModal__Content ReactModal__Content--after-open"
                  style="position: absolute; top: 40px; left: 40px; right: 40px; bottom: 40px; overflow: auto; border-radius: 4px; outline: none; padding: 0px; width: 500px; height: 200px; margin: auto; box-shadow: rgba(0, 0, 0, 0.1) 0px 0px 4px; display: flex; flex-direction: column; z-index: 5000;"
                  tabindex="-1"
                >
                  <div
                    class="modalBody"
                  >
                    <div
                      class="contentContainer"
                    >
                      <div
                        class="textContainer"
                      >
                        <strong
                          class="text"
                        >
                          text
                        </strong>
                      </div>
                      <div
                        class="modalFooter"
                      >
                        <button
                          class="button primary secondaryRaised"
                          id="cancel"
                          type="button"
                        >
                          <span>
                            Cancel
                          </span>
                        </button>
                        <button
                          class="button actionButton primary"
                          id="confirm"
                          type="button"
                        >
                          <span>
                            Confirm
                          </span>
                        </button>
                      </div>
                    </div>
                  </div>
                </div>
              </div>
            </div>
          }
        >
          <ModalPortal
            ariaHideApp={true}
            bodyOpenClassName="ReactModal__Body--open"
            closeTimeoutMS={0}
            defaultStyles={
              Object {
                "content": Object {
                  "WebkitOverflowScrolling": "touch",
                  "background": "#fff",
                  "border": "1px solid #ccc",
                  "borderRadius": "4px",
                  "bottom": "40px",
                  "left": "40px",
                  "outline": "none",
                  "overflow": "auto",
                  "padding": "20px",
                  "position": "absolute",
                  "right": "40px",
                  "top": "40px",
                },
                "overlay": Object {
                  "backgroundColor": "rgba(255, 255, 255, 0.75)",
                  "bottom": 0,
                  "left": 0,
                  "position": "fixed",
                  "right": 0,
                  "top": 0,
                },
              }
            }
            isOpen={true}
            onRequestClose={[Function]}
            parentSelector={[Function]}
            portalClassName="ReactModalPortal"
            shouldCloseOnEsc={true}
            shouldCloseOnOverlayClick={true}
            shouldFocusAfterRender={true}
            shouldReturnFocusAfterClose={true}
            style={
              Object {
                "content": Object {
                  "--amounts-panel-asset-amount-text": "#515151",
                  "--amounts-panel-asset-name-text": "#515151",
                  "--amounts-panel-asset-worth-text": "#515151",
                  "--amounts-panel-first-row-background": "#F1F5FC",
                  "--amounts-panel-second-row-background": "#fff",
                  "--auth-inner-container-box-shadow": "-16px -16px 17px 0 rgba(255, 255, 255, 0.44),
  16px 16px 20px 0 rgba(18, 21, 23, 0.24)",
                  "--auth-main-container-background": "#fff",
                  "--auth-scan-qr-border": "#F1F5FC",
                  "--base-link-color": "#3063c9",
                  "--base-main-background": "#ECF3F8",
                  "--base-scrollbar-thumb": "#5c677f",
                  "--base-scrollbar-track": "#fff",
                  "--base-text": "#282828",
                  "--button-active": "#fff",
                  "--button-active-hover": "#fff",
                  "--button-flag-icon-color": "#394152",
                  "--button-flag-icon-opacity": 0.3,
                  "--button-icon-color": "#394152",
                  "--button-max-amount-background": "#8297A0",
                  "--button-max-amount-text": "#394152",
                  "--button-primary-background-image": "linear-gradient(180deg, #EAF2F7 2%, #E6F0F6 97%)",
                  "--button-primary-box-shadow": "-17px -17px 20px 0 rgba(255,255,255,0.54), 17px 17px 20px 0 #C6CCD1, inset -1px -1px 0 0 #A4B0C3, inset 1px 1px 0 0 #FFFFFF",
                  "--button-primary-disabled-background-color": "#E0E9EF",
                  "--button-primary-disabled-box-shadow": " -17px -17px 20px 0 rgba(255,255,255,0.54), 17px 17px 20px 0 #C6CCD1",
                  "--button-primary-disabled-text-color": "#acbbc4",
                  "--button-primary-hover-background-image": "linear-gradient(180deg, #FFFFFF 2%, #E2EAEF 100%)",
                  "--button-primary-text": "#394152",
                  "--button-priority-active-hover": "#fff",
                  "--button-priority-button-container-background": "linear-gradient(180deg, #eff5f8 2%, #e4edf2 97%)",
                  "--button-priority-button-container-shadow": "-4px -4px 9px 0 rgba(255, 255, 255, 0.54), 4px 4px 13px 0 #c6ccd1, inset -1px -1px 0 0 #a4b0c3, inset 1px 1px 0 0 #ffffff",
                  "--button-priority-conditional-box-shadow": "none",
                  "--button-priority-disabled-opacity": "1",
                  "--button-priority-standard-icon-color": "#394152",
                  "--button-priority-transfer-background": "linear-gradient(180deg, #EAF2F7 2%, #E6F0F6 97%)",
                  "--button-priority-transfer-button-border": "1px solid #a4b0c3",
                  "--button-priority-transfer-color": "#394152",
                  "--button-priority-transfer-disabled": "transparent",
                  "--button-priority-transfer-disabled-color": "#CCD4D9",
                  "--button-secondary-background": "#fff",
                  "--button-secondary-hover": "#F1F5FC",
                  "--button-secondary-text": "#394152",
                  "--contacts-delete-contact-name": "#394152",
                  "--contacts-group-header-background": "#F1F5FC",
                  "--contacts-group-header-text": "#394152",
                  "--contacts-odd-numbered-row": "rgba(230, 230, 230, 0.1)",
                  "--dashboard-asset-panel-asset-name": "#5c677f",
                  "--dashboard-asset-panel-total-background": "#F1F5FC",
                  "--dashboard-market-data-line": "#3fd0ae",
                  "--dashboard-price-history-current-price": "#394152",
                  "--dashboard-token-balances-divider-line": "#F1F5FC",
                  "--dashboard-total-wallet-value-odd-row": "#F1F5FC",
                  "--dashboard-total-wallet-value-total-text": "#394152",
                  "--header-bar-default-icon-color": "#394152",
                  "--input-active": "linear-gradient(#F1F5FC, #F1F5FC), radial-gradient(circle at top left, #66eb8e, #66eb8e)",
                  "--input-active-border": "#66eb8e",
                  "--input-background": "#EAF2F7",
                  "--input-error": "#ee6d66",
                  "--input-error-text": "#fff",
                  "--input-icon": "#9ca0a9",
                  "--input-label": "#5c677f",
                  "--input-label-opacity": 0.5,
                  "--input-placeholder": "rgba(40, 40, 40, 0.5)",
                  "--input-select-hover": "#D4DEE4",
                  "--input-text": "#282828",
                  "--modal-overlay": "rgba(26, 54, 80, 0.25)",
                  "--network-config-box-shadow": "-3px -3px 17px 0 transparent, 3px 4px 20px 0 rgba(18,21,23,0.24)",
                  "--network-config-tooltip-background": "#fff",
                  "--network-config-tooltip-color": "#394152",
                  "--network-config-tooltip-label": "#8D98AE",
                  "--news-content-border-color": "#ececec",
                  "--node-select-automatic-select-button-text": "#5c677f",
                  "--node-select-header-background": "#F1F5FC",
                  "--node-select-icon-color": "#282828",
                  "--node-select-node-count": "#5c677f",
                  "--node-select-refresh-icon": "#394152",
                  "--notifications-error-icon-color": "#fff",
                  "--notifications-success-icon-color": "#fff",
                  "--panel-background": "#fff",
                  "--panel-box-shadow": "-3px -3px 17px 0 rgba(255, 255, 255, 0.83), 3px 3px 20px 0 rgba(18, 21, 23, 0.09)",
                  "--panel-full-height-background": "#fff",
                  "--panel-full-height-header-icon-color": "#394152",
                  "--panel-full-height-instructions-border": "rgba(0, 0, 0, 0.15)",
                  "--panel-full-height-instructions-text": "#8297A0",
                  "--panel-full-height-nav-background": "#D4DEE4",
                  "--panel-header": "#D4DEE4",
                  "--panel-header-border": "#8d98ae",
                  "--panel-header-text": "#394152",
                  "--panel-icon": "#282828",
                  "--panel-label-text": "#8d98ae",
                  "--panel-receive-explanation": "#CDDAE1",
                  "--qr-scan-animation-end": "rgba(57, 65, 82, 0)",
                  "--qr-scan-animation-start": "rgba(57, 65, 82, 1)",
                  "--qr-scan-paused": "rgba(102, 237, 135, 0.6)",
                  "--release-notes-button-color": "#394152",
                  "--release-notes-date": "#8297a0",
                  "--release-notes-text": "#8c97a2",
                  "--secondary-button-icon-color": "#394152",
                  "--secondary-raised-base-text": "#7f8f98",
                  "--send-success-row-info": "#394152",
                  "--settings-donation-text": "#5c677f",
                  "--settings-item-border-color": "#F1F5FC",
                  "--settings-item-icon": "#cccccc",
                  "--settings-item-label": "#343b4a",
                  "--settings-link-text": "#282828",
                  "--settings-select-value-text": "#282828",
                  "--settings-spacer": "rgba(170, 178, 189, 0.3)",
                  "--side-bar-disabled-item-background": "#fff",
                  "--sidebar-active-background": "#F1F5FC",
                  "--sidebar-active-border": "#4CFFB3",
                  "--sidebar-active-icon": "#394152",
                  "--sidebar-background": "#fff",
                  "--sidebar-icon": "#9599a2",
                  "--sidebar-shadow": "-16px -16px 17px 0 rgba(255,255,255,0.44), -3px 16px 20px 0 rgba(18,21,23,0.24)",
                  "--tab-border": "#394152",
                  "--tab-text": "#394152",
                  "--tx-icon-color": "#32E096",
                  "--tx-list-box-shadow": "-3px -3px 17px 0 rgba(255,255,255,0.44), 3px 4px 20px 0 rgba(18,21,23,0.24)",
                  "--tx-list-button-icon": "#394152",
                  "--tx-list-copy-icon": "#9599a2",
                  "--tx-list-odd-row": "#F1F5FC",
                  "--view-layout-header-icon-color": "#282828",
                  "background": "var(--panel-background)",
                  "border": "none",
                  "borderRadius": "4px",
                  "boxShadow": "rgba(0, 0, 0, 0.1) 0px 0px 4px",
                  "color": "var(--base-text)",
                  "display": "flex",
                  "flexDirection": "column",
                  "height": "200px",
                  "margin": "auto",
                  "padding": 0,
                  "width": "500px",
                  "zIndex": 5000,
                },
                "overlay": Object {
                  "--amounts-panel-asset-amount-text": "#515151",
                  "--amounts-panel-asset-name-text": "#515151",
                  "--amounts-panel-asset-worth-text": "#515151",
                  "--amounts-panel-first-row-background": "#F1F5FC",
                  "--amounts-panel-second-row-background": "#fff",
                  "--auth-inner-container-box-shadow": "-16px -16px 17px 0 rgba(255, 255, 255, 0.44),
  16px 16px 20px 0 rgba(18, 21, 23, 0.24)",
                  "--auth-main-container-background": "#fff",
                  "--auth-scan-qr-border": "#F1F5FC",
                  "--base-link-color": "#3063c9",
                  "--base-main-background": "#ECF3F8",
                  "--base-scrollbar-thumb": "#5c677f",
                  "--base-scrollbar-track": "#fff",
                  "--base-text": "#282828",
                  "--button-active": "#fff",
                  "--button-active-hover": "#fff",
                  "--button-flag-icon-color": "#394152",
                  "--button-flag-icon-opacity": 0.3,
                  "--button-icon-color": "#394152",
                  "--button-max-amount-background": "#8297A0",
                  "--button-max-amount-text": "#394152",
                  "--button-primary-background-image": "linear-gradient(180deg, #EAF2F7 2%, #E6F0F6 97%)",
                  "--button-primary-box-shadow": "-17px -17px 20px 0 rgba(255,255,255,0.54), 17px 17px 20px 0 #C6CCD1, inset -1px -1px 0 0 #A4B0C3, inset 1px 1px 0 0 #FFFFFF",
                  "--button-primary-disabled-background-color": "#E0E9EF",
                  "--button-primary-disabled-box-shadow": " -17px -17px 20px 0 rgba(255,255,255,0.54), 17px 17px 20px 0 #C6CCD1",
                  "--button-primary-disabled-text-color": "#acbbc4",
                  "--button-primary-hover-background-image": "linear-gradient(180deg, #FFFFFF 2%, #E2EAEF 100%)",
                  "--button-primary-text": "#394152",
                  "--button-priority-active-hover": "#fff",
                  "--button-priority-button-container-background": "linear-gradient(180deg, #eff5f8 2%, #e4edf2 97%)",
                  "--button-priority-button-container-shadow": "-4px -4px 9px 0 rgba(255, 255, 255, 0.54), 4px 4px 13px 0 #c6ccd1, inset -1px -1px 0 0 #a4b0c3, inset 1px 1px 0 0 #ffffff",
                  "--button-priority-conditional-box-shadow": "none",
                  "--button-priority-disabled-opacity": "1",
                  "--button-priority-standard-icon-color": "#394152",
                  "--button-priority-transfer-background": "linear-gradient(180deg, #EAF2F7 2%, #E6F0F6 97%)",
                  "--button-priority-transfer-button-border": "1px solid #a4b0c3",
                  "--button-priority-transfer-color": "#394152",
                  "--button-priority-transfer-disabled": "transparent",
                  "--button-priority-transfer-disabled-color": "#CCD4D9",
                  "--button-secondary-background": "#fff",
                  "--button-secondary-hover": "#F1F5FC",
                  "--button-secondary-text": "#394152",
                  "--contacts-delete-contact-name": "#394152",
                  "--contacts-group-header-background": "#F1F5FC",
                  "--contacts-group-header-text": "#394152",
                  "--contacts-odd-numbered-row": "rgba(230, 230, 230, 0.1)",
                  "--dashboard-asset-panel-asset-name": "#5c677f",
                  "--dashboard-asset-panel-total-background": "#F1F5FC",
                  "--dashboard-market-data-line": "#3fd0ae",
                  "--dashboard-price-history-current-price": "#394152",
                  "--dashboard-token-balances-divider-line": "#F1F5FC",
                  "--dashboard-total-wallet-value-odd-row": "#F1F5FC",
                  "--dashboard-total-wallet-value-total-text": "#394152",
                  "--header-bar-default-icon-color": "#394152",
                  "--input-active": "linear-gradient(#F1F5FC, #F1F5FC), radial-gradient(circle at top left, #66eb8e, #66eb8e)",
                  "--input-active-border": "#66eb8e",
                  "--input-background": "#EAF2F7",
                  "--input-error": "#ee6d66",
                  "--input-error-text": "#fff",
                  "--input-icon": "#9ca0a9",
                  "--input-label": "#5c677f",
                  "--input-label-opacity": 0.5,
                  "--input-placeholder": "rgba(40, 40, 40, 0.5)",
                  "--input-select-hover": "#D4DEE4",
                  "--input-text": "#282828",
                  "--modal-overlay": "rgba(26, 54, 80, 0.25)",
                  "--network-config-box-shadow": "-3px -3px 17px 0 transparent, 3px 4px 20px 0 rgba(18,21,23,0.24)",
                  "--network-config-tooltip-background": "#fff",
                  "--network-config-tooltip-color": "#394152",
                  "--network-config-tooltip-label": "#8D98AE",
                  "--news-content-border-color": "#ececec",
                  "--node-select-automatic-select-button-text": "#5c677f",
                  "--node-select-header-background": "#F1F5FC",
                  "--node-select-icon-color": "#282828",
                  "--node-select-node-count": "#5c677f",
                  "--node-select-refresh-icon": "#394152",
                  "--notifications-error-icon-color": "#fff",
                  "--notifications-success-icon-color": "#fff",
                  "--panel-background": "#fff",
                  "--panel-box-shadow": "-3px -3px 17px 0 rgba(255, 255, 255, 0.83), 3px 3px 20px 0 rgba(18, 21, 23, 0.09)",
                  "--panel-full-height-background": "#fff",
                  "--panel-full-height-header-icon-color": "#394152",
                  "--panel-full-height-instructions-border": "rgba(0, 0, 0, 0.15)",
                  "--panel-full-height-instructions-text": "#8297A0",
                  "--panel-full-height-nav-background": "#D4DEE4",
                  "--panel-header": "#D4DEE4",
                  "--panel-header-border": "#8d98ae",
                  "--panel-header-text": "#394152",
                  "--panel-icon": "#282828",
                  "--panel-label-text": "#8d98ae",
                  "--panel-receive-explanation": "#CDDAE1",
                  "--qr-scan-animation-end": "rgba(57, 65, 82, 0)",
                  "--qr-scan-animation-start": "rgba(57, 65, 82, 1)",
                  "--qr-scan-paused": "rgba(102, 237, 135, 0.6)",
                  "--release-notes-button-color": "#394152",
                  "--release-notes-date": "#8297a0",
                  "--release-notes-text": "#8c97a2",
                  "--secondary-button-icon-color": "#394152",
                  "--secondary-raised-base-text": "#7f8f98",
                  "--send-success-row-info": "#394152",
                  "--settings-donation-text": "#5c677f",
                  "--settings-item-border-color": "#F1F5FC",
                  "--settings-item-icon": "#cccccc",
                  "--settings-item-label": "#343b4a",
                  "--settings-link-text": "#282828",
                  "--settings-select-value-text": "#282828",
                  "--settings-spacer": "rgba(170, 178, 189, 0.3)",
                  "--side-bar-disabled-item-background": "#fff",
                  "--sidebar-active-background": "#F1F5FC",
                  "--sidebar-active-border": "#4CFFB3",
                  "--sidebar-active-icon": "#394152",
                  "--sidebar-background": "#fff",
                  "--sidebar-icon": "#9599a2",
                  "--sidebar-shadow": "-16px -16px 17px 0 rgba(255,255,255,0.44), -3px 16px 20px 0 rgba(18,21,23,0.24)",
                  "--tab-border": "#394152",
                  "--tab-text": "#394152",
                  "--tx-icon-color": "#32E096",
                  "--tx-list-box-shadow": "-3px -3px 17px 0 rgba(255,255,255,0.44), 3px 4px 20px 0 rgba(18,21,23,0.24)",
                  "--tx-list-button-icon": "#394152",
                  "--tx-list-copy-icon": "#9599a2",
                  "--tx-list-odd-row": "#F1F5FC",
                  "--view-layout-header-icon-color": "#282828",
                  "backgroundColor": "var(--modal-overlay)",
                  "margin": "auto",
                  "zIndex": 200,
                },
              }
            }
          >
            <div
              className="ReactModal__Overlay ReactModal__Overlay--after-open"
              onClick={[Function]}
              onMouseDown={[Function]}
              onMouseUp={[Function]}
              style={
                Object {
                  "--amounts-panel-asset-amount-text": "#515151",
                  "--amounts-panel-asset-name-text": "#515151",
                  "--amounts-panel-asset-worth-text": "#515151",
                  "--amounts-panel-first-row-background": "#F1F5FC",
                  "--amounts-panel-second-row-background": "#fff",
                  "--auth-inner-container-box-shadow": "-16px -16px 17px 0 rgba(255, 255, 255, 0.44),
  16px 16px 20px 0 rgba(18, 21, 23, 0.24)",
                  "--auth-main-container-background": "#fff",
                  "--auth-scan-qr-border": "#F1F5FC",
                  "--base-link-color": "#3063c9",
                  "--base-main-background": "#ECF3F8",
                  "--base-scrollbar-thumb": "#5c677f",
                  "--base-scrollbar-track": "#fff",
                  "--base-text": "#282828",
                  "--button-active": "#fff",
                  "--button-active-hover": "#fff",
                  "--button-flag-icon-color": "#394152",
                  "--button-flag-icon-opacity": 0.3,
                  "--button-icon-color": "#394152",
                  "--button-max-amount-background": "#8297A0",
                  "--button-max-amount-text": "#394152",
                  "--button-primary-background-image": "linear-gradient(180deg, #EAF2F7 2%, #E6F0F6 97%)",
                  "--button-primary-box-shadow": "-17px -17px 20px 0 rgba(255,255,255,0.54), 17px 17px 20px 0 #C6CCD1, inset -1px -1px 0 0 #A4B0C3, inset 1px 1px 0 0 #FFFFFF",
                  "--button-primary-disabled-background-color": "#E0E9EF",
                  "--button-primary-disabled-box-shadow": " -17px -17px 20px 0 rgba(255,255,255,0.54), 17px 17px 20px 0 #C6CCD1",
                  "--button-primary-disabled-text-color": "#acbbc4",
                  "--button-primary-hover-background-image": "linear-gradient(180deg, #FFFFFF 2%, #E2EAEF 100%)",
                  "--button-primary-text": "#394152",
                  "--button-priority-active-hover": "#fff",
                  "--button-priority-button-container-background": "linear-gradient(180deg, #eff5f8 2%, #e4edf2 97%)",
                  "--button-priority-button-container-shadow": "-4px -4px 9px 0 rgba(255, 255, 255, 0.54), 4px 4px 13px 0 #c6ccd1, inset -1px -1px 0 0 #a4b0c3, inset 1px 1px 0 0 #ffffff",
                  "--button-priority-conditional-box-shadow": "none",
                  "--button-priority-disabled-opacity": "1",
                  "--button-priority-standard-icon-color": "#394152",
                  "--button-priority-transfer-background": "linear-gradient(180deg, #EAF2F7 2%, #E6F0F6 97%)",
                  "--button-priority-transfer-button-border": "1px solid #a4b0c3",
                  "--button-priority-transfer-color": "#394152",
                  "--button-priority-transfer-disabled": "transparent",
                  "--button-priority-transfer-disabled-color": "#CCD4D9",
                  "--button-secondary-background": "#fff",
                  "--button-secondary-hover": "#F1F5FC",
                  "--button-secondary-text": "#394152",
                  "--contacts-delete-contact-name": "#394152",
                  "--contacts-group-header-background": "#F1F5FC",
                  "--contacts-group-header-text": "#394152",
                  "--contacts-odd-numbered-row": "rgba(230, 230, 230, 0.1)",
                  "--dashboard-asset-panel-asset-name": "#5c677f",
                  "--dashboard-asset-panel-total-background": "#F1F5FC",
                  "--dashboard-market-data-line": "#3fd0ae",
                  "--dashboard-price-history-current-price": "#394152",
                  "--dashboard-token-balances-divider-line": "#F1F5FC",
                  "--dashboard-total-wallet-value-odd-row": "#F1F5FC",
                  "--dashboard-total-wallet-value-total-text": "#394152",
                  "--header-bar-default-icon-color": "#394152",
                  "--input-active": "linear-gradient(#F1F5FC, #F1F5FC), radial-gradient(circle at top left, #66eb8e, #66eb8e)",
                  "--input-active-border": "#66eb8e",
                  "--input-background": "#EAF2F7",
                  "--input-error": "#ee6d66",
                  "--input-error-text": "#fff",
                  "--input-icon": "#9ca0a9",
                  "--input-label": "#5c677f",
                  "--input-label-opacity": 0.5,
                  "--input-placeholder": "rgba(40, 40, 40, 0.5)",
                  "--input-select-hover": "#D4DEE4",
                  "--input-text": "#282828",
                  "--modal-overlay": "rgba(26, 54, 80, 0.25)",
                  "--network-config-box-shadow": "-3px -3px 17px 0 transparent, 3px 4px 20px 0 rgba(18,21,23,0.24)",
                  "--network-config-tooltip-background": "#fff",
                  "--network-config-tooltip-color": "#394152",
                  "--network-config-tooltip-label": "#8D98AE",
                  "--news-content-border-color": "#ececec",
                  "--node-select-automatic-select-button-text": "#5c677f",
                  "--node-select-header-background": "#F1F5FC",
                  "--node-select-icon-color": "#282828",
                  "--node-select-node-count": "#5c677f",
                  "--node-select-refresh-icon": "#394152",
                  "--notifications-error-icon-color": "#fff",
                  "--notifications-success-icon-color": "#fff",
                  "--panel-background": "#fff",
                  "--panel-box-shadow": "-3px -3px 17px 0 rgba(255, 255, 255, 0.83), 3px 3px 20px 0 rgba(18, 21, 23, 0.09)",
                  "--panel-full-height-background": "#fff",
                  "--panel-full-height-header-icon-color": "#394152",
                  "--panel-full-height-instructions-border": "rgba(0, 0, 0, 0.15)",
                  "--panel-full-height-instructions-text": "#8297A0",
                  "--panel-full-height-nav-background": "#D4DEE4",
                  "--panel-header": "#D4DEE4",
                  "--panel-header-border": "#8d98ae",
                  "--panel-header-text": "#394152",
                  "--panel-icon": "#282828",
                  "--panel-label-text": "#8d98ae",
                  "--panel-receive-explanation": "#CDDAE1",
                  "--qr-scan-animation-end": "rgba(57, 65, 82, 0)",
                  "--qr-scan-animation-start": "rgba(57, 65, 82, 1)",
                  "--qr-scan-paused": "rgba(102, 237, 135, 0.6)",
                  "--release-notes-button-color": "#394152",
                  "--release-notes-date": "#8297a0",
                  "--release-notes-text": "#8c97a2",
                  "--secondary-button-icon-color": "#394152",
                  "--secondary-raised-base-text": "#7f8f98",
                  "--send-success-row-info": "#394152",
                  "--settings-donation-text": "#5c677f",
                  "--settings-item-border-color": "#F1F5FC",
                  "--settings-item-icon": "#cccccc",
                  "--settings-item-label": "#343b4a",
                  "--settings-link-text": "#282828",
                  "--settings-select-value-text": "#282828",
                  "--settings-spacer": "rgba(170, 178, 189, 0.3)",
                  "--side-bar-disabled-item-background": "#fff",
                  "--sidebar-active-background": "#F1F5FC",
                  "--sidebar-active-border": "#4CFFB3",
                  "--sidebar-active-icon": "#394152",
                  "--sidebar-background": "#fff",
                  "--sidebar-icon": "#9599a2",
                  "--sidebar-shadow": "-16px -16px 17px 0 rgba(255,255,255,0.44), -3px 16px 20px 0 rgba(18,21,23,0.24)",
                  "--tab-border": "#394152",
                  "--tab-text": "#394152",
                  "--tx-icon-color": "#32E096",
                  "--tx-list-box-shadow": "-3px -3px 17px 0 rgba(255,255,255,0.44), 3px 4px 20px 0 rgba(18,21,23,0.24)",
                  "--tx-list-button-icon": "#394152",
                  "--tx-list-copy-icon": "#9599a2",
                  "--tx-list-odd-row": "#F1F5FC",
                  "--view-layout-header-icon-color": "#282828",
                  "backgroundColor": "var(--modal-overlay)",
                  "bottom": 0,
                  "left": 0,
                  "margin": "auto",
                  "position": "fixed",
                  "right": 0,
                  "top": 0,
                  "zIndex": 200,
                }
              }
            >
              <div
                className="ReactModal__Content ReactModal__Content--after-open"
                onClick={[Function]}
                onKeyDown={[Function]}
                onMouseDown={[Function]}
                onMouseUp={[Function]}
                style={
                  Object {
                    "--amounts-panel-asset-amount-text": "#515151",
                    "--amounts-panel-asset-name-text": "#515151",
                    "--amounts-panel-asset-worth-text": "#515151",
                    "--amounts-panel-first-row-background": "#F1F5FC",
                    "--amounts-panel-second-row-background": "#fff",
                    "--auth-inner-container-box-shadow": "-16px -16px 17px 0 rgba(255, 255, 255, 0.44),
  16px 16px 20px 0 rgba(18, 21, 23, 0.24)",
                    "--auth-main-container-background": "#fff",
                    "--auth-scan-qr-border": "#F1F5FC",
                    "--base-link-color": "#3063c9",
                    "--base-main-background": "#ECF3F8",
                    "--base-scrollbar-thumb": "#5c677f",
                    "--base-scrollbar-track": "#fff",
                    "--base-text": "#282828",
                    "--button-active": "#fff",
                    "--button-active-hover": "#fff",
                    "--button-flag-icon-color": "#394152",
                    "--button-flag-icon-opacity": 0.3,
                    "--button-icon-color": "#394152",
                    "--button-max-amount-background": "#8297A0",
                    "--button-max-amount-text": "#394152",
                    "--button-primary-background-image": "linear-gradient(180deg, #EAF2F7 2%, #E6F0F6 97%)",
                    "--button-primary-box-shadow": "-17px -17px 20px 0 rgba(255,255,255,0.54), 17px 17px 20px 0 #C6CCD1, inset -1px -1px 0 0 #A4B0C3, inset 1px 1px 0 0 #FFFFFF",
                    "--button-primary-disabled-background-color": "#E0E9EF",
                    "--button-primary-disabled-box-shadow": " -17px -17px 20px 0 rgba(255,255,255,0.54), 17px 17px 20px 0 #C6CCD1",
                    "--button-primary-disabled-text-color": "#acbbc4",
                    "--button-primary-hover-background-image": "linear-gradient(180deg, #FFFFFF 2%, #E2EAEF 100%)",
                    "--button-primary-text": "#394152",
                    "--button-priority-active-hover": "#fff",
                    "--button-priority-button-container-background": "linear-gradient(180deg, #eff5f8 2%, #e4edf2 97%)",
                    "--button-priority-button-container-shadow": "-4px -4px 9px 0 rgba(255, 255, 255, 0.54), 4px 4px 13px 0 #c6ccd1, inset -1px -1px 0 0 #a4b0c3, inset 1px 1px 0 0 #ffffff",
                    "--button-priority-conditional-box-shadow": "none",
                    "--button-priority-disabled-opacity": "1",
                    "--button-priority-standard-icon-color": "#394152",
                    "--button-priority-transfer-background": "linear-gradient(180deg, #EAF2F7 2%, #E6F0F6 97%)",
                    "--button-priority-transfer-button-border": "1px solid #a4b0c3",
                    "--button-priority-transfer-color": "#394152",
                    "--button-priority-transfer-disabled": "transparent",
                    "--button-priority-transfer-disabled-color": "#CCD4D9",
                    "--button-secondary-background": "#fff",
                    "--button-secondary-hover": "#F1F5FC",
                    "--button-secondary-text": "#394152",
                    "--contacts-delete-contact-name": "#394152",
                    "--contacts-group-header-background": "#F1F5FC",
                    "--contacts-group-header-text": "#394152",
                    "--contacts-odd-numbered-row": "rgba(230, 230, 230, 0.1)",
                    "--dashboard-asset-panel-asset-name": "#5c677f",
                    "--dashboard-asset-panel-total-background": "#F1F5FC",
                    "--dashboard-market-data-line": "#3fd0ae",
                    "--dashboard-price-history-current-price": "#394152",
                    "--dashboard-token-balances-divider-line": "#F1F5FC",
                    "--dashboard-total-wallet-value-odd-row": "#F1F5FC",
                    "--dashboard-total-wallet-value-total-text": "#394152",
                    "--header-bar-default-icon-color": "#394152",
                    "--input-active": "linear-gradient(#F1F5FC, #F1F5FC), radial-gradient(circle at top left, #66eb8e, #66eb8e)",
                    "--input-active-border": "#66eb8e",
                    "--input-background": "#EAF2F7",
                    "--input-error": "#ee6d66",
                    "--input-error-text": "#fff",
                    "--input-icon": "#9ca0a9",
                    "--input-label": "#5c677f",
                    "--input-label-opacity": 0.5,
                    "--input-placeholder": "rgba(40, 40, 40, 0.5)",
                    "--input-select-hover": "#D4DEE4",
                    "--input-text": "#282828",
                    "--modal-overlay": "rgba(26, 54, 80, 0.25)",
                    "--network-config-box-shadow": "-3px -3px 17px 0 transparent, 3px 4px 20px 0 rgba(18,21,23,0.24)",
                    "--network-config-tooltip-background": "#fff",
                    "--network-config-tooltip-color": "#394152",
                    "--network-config-tooltip-label": "#8D98AE",
                    "--news-content-border-color": "#ececec",
                    "--node-select-automatic-select-button-text": "#5c677f",
                    "--node-select-header-background": "#F1F5FC",
                    "--node-select-icon-color": "#282828",
                    "--node-select-node-count": "#5c677f",
                    "--node-select-refresh-icon": "#394152",
                    "--notifications-error-icon-color": "#fff",
                    "--notifications-success-icon-color": "#fff",
                    "--panel-background": "#fff",
                    "--panel-box-shadow": "-3px -3px 17px 0 rgba(255, 255, 255, 0.83), 3px 3px 20px 0 rgba(18, 21, 23, 0.09)",
                    "--panel-full-height-background": "#fff",
                    "--panel-full-height-header-icon-color": "#394152",
                    "--panel-full-height-instructions-border": "rgba(0, 0, 0, 0.15)",
                    "--panel-full-height-instructions-text": "#8297A0",
                    "--panel-full-height-nav-background": "#D4DEE4",
                    "--panel-header": "#D4DEE4",
                    "--panel-header-border": "#8d98ae",
                    "--panel-header-text": "#394152",
                    "--panel-icon": "#282828",
                    "--panel-label-text": "#8d98ae",
                    "--panel-receive-explanation": "#CDDAE1",
                    "--qr-scan-animation-end": "rgba(57, 65, 82, 0)",
                    "--qr-scan-animation-start": "rgba(57, 65, 82, 1)",
                    "--qr-scan-paused": "rgba(102, 237, 135, 0.6)",
                    "--release-notes-button-color": "#394152",
                    "--release-notes-date": "#8297a0",
                    "--release-notes-text": "#8c97a2",
                    "--secondary-button-icon-color": "#394152",
                    "--secondary-raised-base-text": "#7f8f98",
                    "--send-success-row-info": "#394152",
                    "--settings-donation-text": "#5c677f",
                    "--settings-item-border-color": "#F1F5FC",
                    "--settings-item-icon": "#cccccc",
                    "--settings-item-label": "#343b4a",
                    "--settings-link-text": "#282828",
                    "--settings-select-value-text": "#282828",
                    "--settings-spacer": "rgba(170, 178, 189, 0.3)",
                    "--side-bar-disabled-item-background": "#fff",
                    "--sidebar-active-background": "#F1F5FC",
                    "--sidebar-active-border": "#4CFFB3",
                    "--sidebar-active-icon": "#394152",
                    "--sidebar-background": "#fff",
                    "--sidebar-icon": "#9599a2",
                    "--sidebar-shadow": "-16px -16px 17px 0 rgba(255,255,255,0.44), -3px 16px 20px 0 rgba(18,21,23,0.24)",
                    "--tab-border": "#394152",
                    "--tab-text": "#394152",
                    "--tx-icon-color": "#32E096",
                    "--tx-list-box-shadow": "-3px -3px 17px 0 rgba(255,255,255,0.44), 3px 4px 20px 0 rgba(18,21,23,0.24)",
                    "--tx-list-button-icon": "#394152",
                    "--tx-list-copy-icon": "#9599a2",
                    "--tx-list-odd-row": "#F1F5FC",
                    "--view-layout-header-icon-color": "#282828",
                    "WebkitOverflowScrolling": "touch",
                    "background": "var(--panel-background)",
                    "border": "none",
                    "borderRadius": "4px",
                    "bottom": "40px",
                    "boxShadow": "rgba(0, 0, 0, 0.1) 0px 0px 4px",
                    "color": "var(--base-text)",
                    "display": "flex",
                    "flexDirection": "column",
                    "height": "200px",
                    "left": "40px",
                    "margin": "auto",
                    "outline": "none",
                    "overflow": "auto",
                    "padding": 0,
                    "position": "absolute",
                    "right": "40px",
                    "top": "40px",
                    "width": "500px",
                    "zIndex": 5000,
                  }
                }
                tabIndex="-1"
              >
                <div
                  className="modalBody"
                  style={
                    Object {
                      "--amounts-panel-asset-amount-text": "#515151",
                      "--amounts-panel-asset-name-text": "#515151",
                      "--amounts-panel-asset-worth-text": "#515151",
                      "--amounts-panel-first-row-background": "#F1F5FC",
                      "--amounts-panel-second-row-background": "#fff",
                      "--auth-inner-container-box-shadow": "-16px -16px 17px 0 rgba(255, 255, 255, 0.44),
  16px 16px 20px 0 rgba(18, 21, 23, 0.24)",
                      "--auth-main-container-background": "#fff",
                      "--auth-scan-qr-border": "#F1F5FC",
                      "--base-link-color": "#3063c9",
                      "--base-main-background": "#ECF3F8",
                      "--base-scrollbar-thumb": "#5c677f",
                      "--base-scrollbar-track": "#fff",
                      "--base-text": "#282828",
                      "--button-active": "#fff",
                      "--button-active-hover": "#fff",
                      "--button-flag-icon-color": "#394152",
                      "--button-flag-icon-opacity": 0.3,
                      "--button-icon-color": "#394152",
                      "--button-max-amount-background": "#8297A0",
                      "--button-max-amount-text": "#394152",
                      "--button-primary-background-image": "linear-gradient(180deg, #EAF2F7 2%, #E6F0F6 97%)",
                      "--button-primary-box-shadow": "-17px -17px 20px 0 rgba(255,255,255,0.54), 17px 17px 20px 0 #C6CCD1, inset -1px -1px 0 0 #A4B0C3, inset 1px 1px 0 0 #FFFFFF",
                      "--button-primary-disabled-background-color": "#E0E9EF",
                      "--button-primary-disabled-box-shadow": " -17px -17px 20px 0 rgba(255,255,255,0.54), 17px 17px 20px 0 #C6CCD1",
                      "--button-primary-disabled-text-color": "#acbbc4",
                      "--button-primary-hover-background-image": "linear-gradient(180deg, #FFFFFF 2%, #E2EAEF 100%)",
                      "--button-primary-text": "#394152",
                      "--button-priority-active-hover": "#fff",
                      "--button-priority-button-container-background": "linear-gradient(180deg, #eff5f8 2%, #e4edf2 97%)",
                      "--button-priority-button-container-shadow": "-4px -4px 9px 0 rgba(255, 255, 255, 0.54), 4px 4px 13px 0 #c6ccd1, inset -1px -1px 0 0 #a4b0c3, inset 1px 1px 0 0 #ffffff",
                      "--button-priority-conditional-box-shadow": "none",
                      "--button-priority-disabled-opacity": "1",
                      "--button-priority-standard-icon-color": "#394152",
                      "--button-priority-transfer-background": "linear-gradient(180deg, #EAF2F7 2%, #E6F0F6 97%)",
                      "--button-priority-transfer-button-border": "1px solid #a4b0c3",
                      "--button-priority-transfer-color": "#394152",
                      "--button-priority-transfer-disabled": "transparent",
                      "--button-priority-transfer-disabled-color": "#CCD4D9",
                      "--button-secondary-background": "#fff",
                      "--button-secondary-hover": "#F1F5FC",
                      "--button-secondary-text": "#394152",
                      "--contacts-delete-contact-name": "#394152",
                      "--contacts-group-header-background": "#F1F5FC",
                      "--contacts-group-header-text": "#394152",
                      "--contacts-odd-numbered-row": "rgba(230, 230, 230, 0.1)",
                      "--dashboard-asset-panel-asset-name": "#5c677f",
                      "--dashboard-asset-panel-total-background": "#F1F5FC",
                      "--dashboard-market-data-line": "#3fd0ae",
                      "--dashboard-price-history-current-price": "#394152",
                      "--dashboard-token-balances-divider-line": "#F1F5FC",
                      "--dashboard-total-wallet-value-odd-row": "#F1F5FC",
                      "--dashboard-total-wallet-value-total-text": "#394152",
                      "--header-bar-default-icon-color": "#394152",
                      "--input-active": "linear-gradient(#F1F5FC, #F1F5FC), radial-gradient(circle at top left, #66eb8e, #66eb8e)",
                      "--input-active-border": "#66eb8e",
                      "--input-background": "#EAF2F7",
                      "--input-error": "#ee6d66",
                      "--input-error-text": "#fff",
                      "--input-icon": "#9ca0a9",
                      "--input-label": "#5c677f",
                      "--input-label-opacity": 0.5,
                      "--input-placeholder": "rgba(40, 40, 40, 0.5)",
                      "--input-select-hover": "#D4DEE4",
                      "--input-text": "#282828",
                      "--modal-overlay": "rgba(26, 54, 80, 0.25)",
                      "--network-config-box-shadow": "-3px -3px 17px 0 transparent, 3px 4px 20px 0 rgba(18,21,23,0.24)",
                      "--network-config-tooltip-background": "#fff",
                      "--network-config-tooltip-color": "#394152",
                      "--network-config-tooltip-label": "#8D98AE",
                      "--news-content-border-color": "#ececec",
                      "--node-select-automatic-select-button-text": "#5c677f",
                      "--node-select-header-background": "#F1F5FC",
                      "--node-select-icon-color": "#282828",
                      "--node-select-node-count": "#5c677f",
                      "--node-select-refresh-icon": "#394152",
                      "--notifications-error-icon-color": "#fff",
                      "--notifications-success-icon-color": "#fff",
                      "--panel-background": "#fff",
                      "--panel-box-shadow": "-3px -3px 17px 0 rgba(255, 255, 255, 0.83), 3px 3px 20px 0 rgba(18, 21, 23, 0.09)",
                      "--panel-full-height-background": "#fff",
                      "--panel-full-height-header-icon-color": "#394152",
                      "--panel-full-height-instructions-border": "rgba(0, 0, 0, 0.15)",
                      "--panel-full-height-instructions-text": "#8297A0",
                      "--panel-full-height-nav-background": "#D4DEE4",
                      "--panel-header": "#D4DEE4",
                      "--panel-header-border": "#8d98ae",
                      "--panel-header-text": "#394152",
                      "--panel-icon": "#282828",
                      "--panel-label-text": "#8d98ae",
                      "--panel-receive-explanation": "#CDDAE1",
                      "--qr-scan-animation-end": "rgba(57, 65, 82, 0)",
                      "--qr-scan-animation-start": "rgba(57, 65, 82, 1)",
                      "--qr-scan-paused": "rgba(102, 237, 135, 0.6)",
                      "--release-notes-button-color": "#394152",
                      "--release-notes-date": "#8297a0",
                      "--release-notes-text": "#8c97a2",
                      "--secondary-button-icon-color": "#394152",
                      "--secondary-raised-base-text": "#7f8f98",
                      "--send-success-row-info": "#394152",
                      "--settings-donation-text": "#5c677f",
                      "--settings-item-border-color": "#F1F5FC",
                      "--settings-item-icon": "#cccccc",
                      "--settings-item-label": "#343b4a",
                      "--settings-link-text": "#282828",
                      "--settings-select-value-text": "#282828",
                      "--settings-spacer": "rgba(170, 178, 189, 0.3)",
                      "--side-bar-disabled-item-background": "#fff",
                      "--sidebar-active-background": "#F1F5FC",
                      "--sidebar-active-border": "#4CFFB3",
                      "--sidebar-active-icon": "#394152",
                      "--sidebar-background": "#fff",
                      "--sidebar-icon": "#9599a2",
                      "--sidebar-shadow": "-16px -16px 17px 0 rgba(255,255,255,0.44), -3px 16px 20px 0 rgba(18,21,23,0.24)",
                      "--tab-border": "#394152",
                      "--tab-text": "#394152",
                      "--tx-icon-color": "#32E096",
                      "--tx-list-box-shadow": "-3px -3px 17px 0 rgba(255,255,255,0.44), 3px 4px 20px 0 rgba(18,21,23,0.24)",
                      "--tx-list-button-icon": "#394152",
                      "--tx-list-copy-icon": "#9599a2",
                      "--tx-list-odd-row": "#F1F5FC",
                      "--view-layout-header-icon-color": "#282828",
                    }
                  }
                >
                  <div
                    className="contentContainer"
                  >
                    <div
                      className="textContainer"
                    >
                      <strong
                        className="text"
                      >
                        text
                      </strong>
                    </div>
                    <div
                      className="modalFooter"
                    >
                      <Button
                        elevated={true}
                        id="cancel"
                        onClick={[Function]}
                        primary={false}
                        shouldCenterButtonLabelText={false}
                        type="button"
                      >
                        <button
                          className="button primary secondaryRaised"
                          id="cancel"
                          onClick={[Function]}
                          type="button"
                        >
                          <span>
                            <FormattedMessage
                              id="modalActionCancel"
                              values={Object {}}
                            >
                              Cancel
                            </FormattedMessage>
                          </span>
                        </button>
                      </Button>
                      <Button
                        className="actionButton"
                        id="confirm"
                        onClick={[Function]}
                        primary={true}
                        shouldCenterButtonLabelText={false}
                        type="button"
                      >
                        <button
                          className="button actionButton primary"
                          id="confirm"
                          onClick={[Function]}
                          type="button"
                        >
                          <span>
                            <FormattedMessage
                              id="modalActionConfirm"
                              values={Object {}}
                            >
                              Confirm
                            </FormattedMessage>
                          </span>
                        </button>
                      </Button>
                    </div>
                  </div>
                </div>
              </div>
            </div>
          </ModalPortal>
        </Portal>
      </Modal>
    </withData(BaseModal)>
  </Connect(withData(BaseModal))>
</ConfirmModal>
`;
