// Jest Snapshot v1, https://goo.gl/fbAQLP

exports[`AddressInput should render without crashing 1`] = `
<SelectInput
  className="addressInput"
  getItemValue={[Function]}
  getSearchResults={[Function]}
  items={
    Array [
      Object {
        "label": "Lenny",
        "value": "AW4FD7bz6PF2QadFKF8qXUT7tNmWgvXZc4",
      },
      Object {
        "label": "Carl",
        "value": "AUB7tuEZK63a9fkPEgeeddiZBg7A6PgbZB",
      },
    ]
  }
  onChange={[Function]}
  onFocus={[Function]}
  renderAfter={[Function]}
  renderItem={[Function]}
/>
`;
